time="2026-10-06T14:41:39+02:00" level=warning msg="/home/dguffon/openverso-images/docs/open5gs-and-ueransim/gnb1.yaml: the attribute `version` is obsolete, it will be ignored, please remove it to avoid potential confusion"
gnb1  | [2026-10-06 11:09:09.178] [rls] [debug] UE[1] signal lost
gnb1  | [2026-10-06 11:09:09.178] [rls] [debug] UE[2] signal lost
gnb1  | [2026-10-06 11:10:10.875] [rrc] [warning] Discarding RRC Setup Request, UE context already exists
gnb1  | [2026-10-06 11:11:46.578] [rrc] [warning] Discarding RRC Setup Request, UE context already exists
gnb1  | [2026-10-06 11:11:46.578] [rrc] [warning] Discarding RRC Setup Request, UE context already exists
gnb1  | [2026-10-06 11:18:09.230] [rrc] [warning] Discarding RRC Setup Request, UE context already exists
gnb1  | [2026-10-06 11:18:09.230] [rrc] [warning] Discarding RRC Setup Request, UE context already exists
gnb1  | [2026-10-06 11:18:09.714] [rrc] [warning] Discarding RRC Setup Request, UE context already exists
gnb1  | [2026-10-06 11:18:24.656] [rrc] [debug] UE[4] new signal detected
gnb1  | [2026-10-06 11:18:24.657] [rrc] [debug] UE[5] new signal detected
gnb1  | [2026-10-06 11:18:25.658] [rls] [debug] UE[1] signal lost
gnb1  | [2026-10-06 11:18:25.658] [rls] [debug] UE[2] signal lost
gnb1  | [2026-10-06 11:18:25.659] [rrc] [debug] UE[6] new signal detected
gnb1  | [2026-10-06 11:18:26.661] [rls] [debug] UE[3] signal lost
gnb1  | [2026-10-06 11:18:58.095] [rrc] [info] RRC Setup for UE[6]
gnb1  | [2026-10-06 11:18:58.096] [ngap] [debug] Initial NAS message received from UE[6]
gnb1  | [2026-10-06 11:18:58.104] [ngap] [debug] UE Context Release Command received
gnb1  | [2026-10-06 11:18:58.104] [rrc] [info] Releasing RRC connection for UE[3]
gnb1  | [2026-10-06 11:18:58.107] [rrc] [info] RRC Setup for UE[4]
gnb1  | [2026-10-06 11:18:58.108] [ngap] [debug] Initial NAS message received from UE[4]
gnb1  | [2026-10-06 11:18:58.119] [rrc] [info] RRC Setup for UE[5]
gnb1  | [2026-10-06 11:18:58.120] [ngap] [debug] Initial NAS message received from UE[5]
gnb1  | [2026-10-06 11:18:58.131] [ngap] [debug] UE Context Release Command received
gnb1  | [2026-10-06 11:18:58.131] [rrc] [info] Releasing RRC connection for UE[6]
gnb1  | [2026-10-06 11:18:58.131] [ngap] [debug] UE Context Release Command received
gnb1  | [2026-10-06 11:18:58.131] [rrc] [info] Releasing RRC connection for UE[2]
gnb1  | [2026-10-06 11:18:58.131] [ngap] [debug] UE Context Release Command received
gnb1  | [2026-10-06 11:18:58.132] [rrc] [info] Releasing RRC connection for UE[1]
gnb1  | [2026-10-06 11:18:58.139] [ngap] [debug] UE Context Release Command received
gnb1  | [2026-10-06 11:18:58.139] [rrc] [info] Releasing RRC connection for UE[4]
gnb1  | [2026-10-06 11:18:58.140] [ngap] [debug] UE Context Release Command received
gnb1  | [2026-10-06 11:18:58.140] [rrc] [info] Releasing RRC connection for UE[5]
gnb1  | [2026-10-06 11:19:00.124] [rls] [debug] UE[4] signal lost
gnb1  | [2026-10-06 11:19:00.124] [rls] [debug] UE[5] signal lost
gnb1  | [2026-10-06 11:19:00.124] [rls] [debug] UE[6] signal lost
gnb1  | [2026-10-06 11:19:03.489] [rrc] [debug] UE[7] new signal detected
gnb1  | [2026-10-06 11:19:03.490] [rrc] [debug] UE[8] new signal detected
gnb1  | [2026-10-06 11:19:03.490] [rrc] [debug] UE[9] new signal detected
gnb1  | [2026-10-06 11:19:03.490] [rrc] [info] RRC Setup for UE[8]
gnb1  | [2026-10-06 11:19:03.490] [rrc] [info] RRC Setup for UE[7]
gnb1  | [2026-10-06 11:19:03.490] [rrc] [info] RRC Setup for UE[9]
gnb1  | [2026-10-06 11:19:03.490] [ngap] [debug] Initial NAS message received from UE[8]
gnb1  | [2026-10-06 11:19:03.491] [ngap] [debug] Initial NAS message received from UE[9]
gnb1  | [2026-10-06 11:19:03.491] [ngap] [debug] Initial NAS message received from UE[7]
gnb1  | [2026-10-06 11:19:03.511] [ngap] [debug] Initial Context Setup Request received
gnb1  | [2026-10-06 11:19:03.511] [ngap] [debug] Initial Context Setup Request received
gnb1  | [2026-10-06 11:19:03.517] [ngap] [debug] Initial Context Setup Request received
gnb1  | [2026-10-06 11:19:03.531] [ngap] [info] PDU session resource(s) setup for UE[9] count[1]
gnb1  | [2026-10-06 11:19:03.532] [ngap] [info] PDU session resource(s) setup for UE[8] count[1]
gnb1  | [2026-10-06 11:19:03.533] [ngap] [info] PDU session resource(s) setup for UE[7] count[1]
gnb1  | [2026-10-06 11:28:16.421] [rls] [debug] UE[8] signal lost
gnb1  | [2026-10-06 11:28:16.421] [rls] [debug] UE[9] signal lost
gnb1  | [2026-10-06 11:28:58.542] [rrc] [warning] Discarding RRC Setup Request, UE context already exists
gnb1  | [2026-10-06 11:35:26.859] [rrc] [warning] Discarding RRC Setup Request, UE context already exists
gnb1  | [2026-10-06 11:35:45.015] [rls] [debug] UE[7] signal lost
gnb1  | [2026-10-06 11:35:45.015] [rls] [debug] UE[8] signal lost
gnb1  | [2026-10-06 11:35:45.015] [rls] [debug] UE[9] signal lost
gnb1  | [2026-10-06 11:36:01.104] [rrc] [warning] Discarding RRC Setup Request, UE context already exists
gnb1  | [2026-10-06 11:37:17.001] [rrc] [warning] Discarding RRC Setup Request, UE context already exists
gnb1  | [2026-10-06 11:37:17.002] [rrc] [warning] Discarding RRC Setup Request, UE context already exists
gnb1  | [2026-10-06 11:37:17.002] [rrc] [warning] Discarding RRC Setup Request, UE context already exists
gnb1  | [2026-10-06 11:37:33.549] [rrc] [debug] UE[10] new signal detected
gnb1  | [2026-10-06 11:37:33.549] [rrc] [debug] UE[11] new signal detected
gnb1  | [2026-10-06 11:37:33.549] [rrc] [debug] UE[12] new signal detected
gnb1  | [2026-10-06 11:37:34.551] [rls] [debug] UE[7] signal lost
gnb1  | [2026-10-06 11:37:34.551] [rls] [debug] UE[8] signal lost
gnb1  | [2026-10-06 11:37:34.551] [rls] [debug] UE[9] signal lost
gnb1  | [2026-10-06 11:45:11.595] [rls] [debug] UE[10] signal lost
gnb1  | [2026-10-06 11:45:11.595] [rls] [debug] UE[11] signal lost
gnb1  | [2026-10-06 11:45:11.595] [rls] [debug] UE[12] signal lost
gnb1  | [2026-10-06 11:49:05.450] [rls] [debug] UE[10] signal lost
gnb1  | [2026-10-06 11:49:05.450] [rls] [debug] UE[11] signal lost
gnb1  | [2026-10-06 11:49:05.450] [rls] [debug] UE[12] signal lost
gnb1  | [2026-10-06 11:57:24.893] [rls] [debug] UE[10] signal lost
gnb1  | [2026-10-06 11:57:24.893] [rls] [debug] UE[11] signal lost
gnb1  | [2026-10-06 11:57:24.893] [rls] [debug] UE[12] signal lost
gnb1  | [2026-10-06 12:03:31.515] [rls] [debug] UE[11] signal lost
gnb1  | [2026-10-06 12:03:31.515] [rls] [debug] UE[12] signal lost
gnb1  | [2026-10-06 12:05:11.712] [rls] [debug] UE[10] signal lost
gnb1  | [2026-10-06 12:05:11.712] [rls] [debug] UE[11] signal lost
gnb1  | [2026-10-06 12:05:11.712] [rls] [debug] UE[12] signal lost
gnb1  | [2026-10-06 12:06:18.577] [rls] [debug] UE[11] signal lost
gnb1  | [2026-10-06 12:06:18.577] [rls] [debug] UE[12] signal lost
gnb1  | [2026-10-06 12:17:26.061] [rls] [debug] UE[10] signal lost
gnb1  | [2026-10-06 12:17:26.061] [rls] [debug] UE[12] signal lost
gnb1  | [2026-10-06 12:19:06.069] [rls] [debug] UE[10] signal lost
gnb1  | [2026-10-06 12:19:06.069] [rls] [debug] UE[11] signal lost
gnb1  | [2026-10-06 12:33:34.374] [rls] [debug] UE[10] signal lost
gnb1  | [2026-10-06 12:33:34.374] [rls] [debug] UE[12] signal lost
gnb1  | [2026-10-06 12:35:48.116] [rls] [debug] UE[10] signal lost
gnb1  | [2026-10-06 12:35:48.116] [rls] [debug] UE[11] signal lost
gnb1  | [2026-10-06 12:38:01.366] [rls] [debug] UE[11] signal lost
gnb1  | [2026-10-06 12:39:08.666] [rls] [debug] UE[11] signal lost
gnb1  | [2026-10-06 12:40:15.435] [rls] [debug] UE[10] signal lost
gnb1  | [2026-10-06 12:40:15.435] [rls] [debug] UE[12] signal lost
ues1-1  | [2026-10-06 11:09:09.178] [999700000000001|rrc] [debug] Signal lost for cell[1], total [0] cells in coverage
ues1-1  | [2026-10-06 11:09:09.178] [999700000000002|rrc] [debug] Signal lost for cell[1], total [0] cells in coverage
ues1-1  | [2026-10-06 11:09:09.178] [999700000000001|nas] [error] Radio link failure detected
ues1-1  | [2026-10-06 11:09:09.178] [999700000000001|rrc] [debug] New signal detected for cell[2], total [1] cells in coverage
ues1-1  | [2026-10-06 11:09:09.178] [999700000000001|nas] [info] UE switches to state [CM-IDLE]
ues1-1  | [2026-10-06 11:09:09.178] [999700000000002|rrc] [debug] New signal detected for cell[2], total [1] cells in coverage
ues1-1  | [2026-10-06 11:09:09.178] [999700000000001|nas] [info] UE switches to state [MM-REGISTERED/PS]
ues1-1  | [2026-10-06 11:09:09.178] [999700000000003|rrc] [debug] Signal lost for cell[1], total [0] cells in coverage
ues1-1  | [2026-10-06 11:09:09.178] [999700000000002|nas] [error] Radio link failure detected
ues1-1  | [2026-10-06 11:09:09.178] [999700000000003|rrc] [debug] New signal detected for cell[2], total [1] cells in coverage
ues1-1  | [2026-10-06 11:09:09.178] [999700000000001|nas] [info] UE switches to state [MM-REGISTERED/PLMN-SEARCH]
ues1-1  | [2026-10-06 11:09:09.178] [999700000000002|nas] [info] UE switches to state [CM-IDLE]
ues1-1  | [2026-10-06 11:09:09.179] [999700000000003|nas] [error] Radio link failure detected
ues1-1  | [2026-10-06 11:09:09.179] [999700000000002|nas] [info] UE switches to state [MM-REGISTERED/PS]
ues1-1  | [2026-10-06 11:09:09.179] [999700000000002|nas] [info] UE switches to state [MM-REGISTERED/PLMN-SEARCH]
ues1-1  | [2026-10-06 11:09:09.179] [999700000000002|nas] [error] PLMN selection failure, no cells in coverage
ues1-1  | [2026-10-06 11:09:09.179] [999700000000003|rrc] [warning] Suitable cell selection failed in [1] cells. [0] out of PLMN, [1] no SI, [0] reserved, [0] barred, ftai [0]
ues1-1  | [2026-10-06 11:09:09.179] [999700000000003|rrc] [warning] Acceptable cell selection failed in [1] cells. [1] no SI, [0] reserved, [0] barred, ftai [0]
ues1-1  | [2026-10-06 11:09:09.179] [999700000000003|rrc] [error] Cell selection failure, no suitable or acceptable cell found
ues1-1  | [2026-10-06 11:09:09.179] [999700000000001|nas] [error] PLMN selection failure, no cells in coverage
ues1-1  | [2026-10-06 11:09:09.179] [999700000000001|rrc] [warning] Acceptable cell selection failed in [1] cells. [1] no SI, [0] reserved, [0] barred, ftai [0]
ues1-1  | [2026-10-06 11:09:09.179] [999700000000001|rrc] [error] Cell selection failure, no suitable or acceptable cell found
ues1-1  | [2026-10-06 11:09:09.179] [999700000000002|rrc] [warning] Acceptable cell selection failed in [1] cells. [1] no SI, [0] reserved, [0] barred, ftai [0]
ues1-1  | [2026-10-06 11:09:09.179] [999700000000002|rrc] [error] Cell selection failure, no suitable or acceptable cell found
ues1-1  | [2026-10-06 11:09:09.179] [999700000000003|nas] [info] UE switches to state [CM-IDLE]
ues1-1  | [2026-10-06 11:09:09.180] [999700000000003|nas] [info] UE switches to state [MM-REGISTERED/PS]
ues1-1  | [2026-10-06 11:09:09.180] [999700000000003|nas] [info] UE switches to state [MM-REGISTERED/PLMN-SEARCH]
ues1-1  | [2026-10-06 11:09:09.180] [999700000000003|nas] [error] PLMN selection failure, no cells in coverage
ues1-1  | [2026-10-06 11:09:11.381] [999700000000001|nas] [error] PLMN selection failure, no cells in coverage
ues1-1  | [2026-10-06 11:09:11.381] [999700000000002|nas] [error] PLMN selection failure, no cells in coverage
ues1-1  | [2026-10-06 11:09:11.382] [999700000000003|nas] [error] PLMN selection failure, no cells in coverage
ues1-1  | [2026-10-06 11:09:13.583] [999700000000001|nas] [error] PLMN selection failure, no cells in coverage
ues1-1  | [2026-10-06 11:09:13.583] [999700000000002|nas] [error] PLMN selection failure, no cells in coverage
ues1-1  | [2026-10-06 11:09:13.584] [999700000000003|nas] [error] PLMN selection failure, no cells in coverage
ues1-1  | [2026-10-06 11:09:14.684] [999700000000001|nas] [info] UE switches to state [MM-REGISTERED/NO-CELL-AVAILABLE]
ues1-1  | [2026-10-06 11:09:14.684] [999700000000002|nas] [info] UE switches to state [MM-REGISTERED/NO-CELL-AVAILABLE]
ues1-1  | [2026-10-06 11:09:14.685] [999700000000003|nas] [info] UE switches to state [MM-REGISTERED/NO-CELL-AVAILABLE]
ues1-1  | [2026-10-06 11:09:15.538] [999700000000001|nas] [info] Selected plmn[999/70]
ues1-1  | [2026-10-06 11:09:15.538] [999700000000003|nas] [info] Selected plmn[999/70]
ues1-1  | [2026-10-06 11:09:15.538] [999700000000001|rrc] [info] Selected cell plmn[999/70] tac[1] category[SUITABLE]
ues1-1  | [2026-10-06 11:09:15.538] [999700000000002|nas] [info] Selected plmn[999/70]
ues1-1  | [2026-10-06 11:09:15.538] [999700000000003|rrc] [info] Selected cell plmn[999/70] tac[1] category[ACCEPTABLE]
ues1-1  | [2026-10-06 11:09:15.538] [999700000000001|nas] [info] UE switches to state [MM-REGISTERED/PS]
ues1-1  | [2026-10-06 11:09:15.538] [999700000000002|rrc] [info] Selected cell plmn[999/70] tac[1] category[SUITABLE]
ues1-1  | [2026-10-06 11:09:15.538] [999700000000003|nas] [info] UE switches to state [MM-REGISTERED/PS]
ues1-1  | [2026-10-06 11:09:15.539] [999700000000002|nas] [info] UE switches to state [MM-REGISTERED/PS]
ues1-1  | [2026-10-06 11:09:15.539] [999700000000003|nas] [info] UE switches to state [MM-REGISTERED/LIMITED-SERVICE]
ues1-1  | [2026-10-06 11:09:15.539] [999700000000002|nas] [info] UE switches to state [MM-REGISTERED/NORMAL-SERVICE]
ues1-1  | [2026-10-06 11:09:15.539] [999700000000001|nas] [info] UE switches to state [MM-REGISTERED/NORMAL-SERVICE]
ues1-1  | [2026-10-06 11:10:10.874] [999700000000001|nas] [debug] Uplink data status changed PSI[1] pending[true]
ues1-1  | [2026-10-06 11:10:10.874] [999700000000001|nas] [debug] Service request required due to [IDLE-UPLINK-DATA-PENDING]
ues1-1  | [2026-10-06 11:10:10.874] [999700000000001|nas] [debug] UAC access attempt is allowed for identity[0], category[MO_data]
ues1-1  | [2026-10-06 11:10:10.874] [999700000000001|nas] [debug] Sending Service Request due to [IDLE-UPLINK-DATA-PENDING]
ues1-1  | [2026-10-06 11:10:10.875] [999700000000001|nas] [info] UE switches to state [MM-SERVICE-REQUEST-INITIATED]
ues1-1  | [2026-10-06 11:10:10.875] [999700000000001|rrc] [debug] Sending RRC Setup Request
ues1-1  | [2026-10-06 11:10:26.472] [999700000000001|nas] [debug] NAS timer[3517] expired [1]
ues1-1  | [2026-10-06 11:10:26.472] [999700000000001|nas] [info] UE switches to state [MM-REGISTERED/PS]
ues1-1  | [2026-10-06 11:10:26.472] [999700000000001|nas] [info] UE switches to state [MM-REGISTERED/NORMAL-SERVICE]
ues1-1  | [2026-10-06 11:11:46.577] [999700000000002|nas] [debug] Uplink data status changed PSI[1] pending[true]
ues1-1  | [2026-10-06 11:11:46.577] [999700000000003|nas] [debug] Uplink data status changed PSI[1] pending[true]
ues1-1  | [2026-10-06 11:11:46.577] [999700000000003|nas] [debug] Service request required due to [IDLE-UPLINK-DATA-PENDING]
ues1-1  | [2026-10-06 11:11:46.577] [999700000000002|nas] [debug] Service request required due to [IDLE-UPLINK-DATA-PENDING]
ues1-1  | [2026-10-06 11:11:46.577] [999700000000002|nas] [debug] UAC access attempt is allowed for identity[0], category[MO_data]
ues1-1  | [2026-10-06 11:11:46.577] [999700000000002|nas] [debug] Sending Service Request due to [IDLE-UPLINK-DATA-PENDING]
ues1-1  | [2026-10-06 11:11:46.577] [999700000000003|nas] [debug] UAC access attempt is allowed for identity[0], category[MO_data]
ues1-1  | [2026-10-06 11:11:46.577] [999700000000003|nas] [debug] Sending Service Request due to [IDLE-UPLINK-DATA-PENDING]
ues1-1  | [2026-10-06 11:11:46.577] [999700000000002|nas] [info] UE switches to state [MM-SERVICE-REQUEST-INITIATED]
ues1-1  | [2026-10-06 11:11:46.577] [999700000000002|rrc] [debug] Sending RRC Setup Request
ues1-1  | [2026-10-06 11:11:46.578] [999700000000003|nas] [info] UE switches to state [MM-SERVICE-REQUEST-INITIATED]
ues1-1  | [2026-10-06 11:11:46.578] [999700000000003|rrc] [debug] Sending RRC Setup Request
ues1-1  | [2026-10-06 11:12:02.477] [999700000000002|nas] [debug] NAS timer[3517] expired [1]
ues1-1  | [2026-10-06 11:12:02.477] [999700000000002|nas] [info] UE switches to state [MM-REGISTERED/PS]
ues1-1  | [2026-10-06 11:12:02.477] [999700000000002|nas] [info] UE switches to state [MM-REGISTERED/NORMAL-SERVICE]
ues1-1  | [2026-10-06 11:12:02.479] [999700000000003|nas] [debug] NAS timer[3517] expired [1]
ues1-1  | [2026-10-06 11:12:02.479] [999700000000003|nas] [info] UE switches to state [MM-REGISTERED/PS]
ues1-1  | [2026-10-06 11:12:02.479] [999700000000003|nas] [info] UE switches to state [MM-REGISTERED/NORMAL-SERVICE]
ues1-1  | [2026-10-06 11:18:09.227] [999700000000002|nas] [debug] NAS timer[3512] expired [1]
ues1-1  | [2026-10-06 11:18:09.227] [999700000000002|nas] [debug] Mobility registration updating required due to [T3512-EXPIRY]
ues1-1  | [2026-10-06 11:18:09.227] [999700000000002|nas] [debug] UAC access attempt is allowed for identity[0], category[MO_data]
ues1-1  | [2026-10-06 11:18:09.227] [999700000000002|nas] [debug] Sending Periodic Registration with update cause [T3512-EXPIRY]
ues1-1  | [2026-10-06 11:18:09.228] [999700000000003|nas] [debug] NAS timer[3512] expired [1]
ues1-1  | [2026-10-06 11:18:09.228] [999700000000003|nas] [debug] Mobility registration updating required due to [T3512-EXPIRY]
ues1-1  | [2026-10-06 11:18:09.228] [999700000000003|nas] [debug] UAC access attempt is allowed for identity[0], category[MO_data]
ues1-1  | [2026-10-06 11:18:09.228] [999700000000003|nas] [debug] Sending Periodic Registration with update cause [T3512-EXPIRY]
ues1-1  | [2026-10-06 11:18:09.230] [999700000000002|nas] [info] UE switches to state [MM-REGISTER-INITIATED]
ues1-1  | [2026-10-06 11:18:09.230] [999700000000002|rrc] [debug] Sending RRC Setup Request
ues1-1  | [2026-10-06 11:18:09.230] [999700000000003|rrc] [debug] Sending RRC Setup Request
ues1-1  | [2026-10-06 11:18:09.230] [999700000000003|nas] [info] UE switches to state [MM-REGISTER-INITIATED]
ues1-1  | [2026-10-06 11:18:09.714] [999700000000001|nas] [debug] NAS timer[3512] expired [1]
ues1-1  | [2026-10-06 11:18:09.714] [999700000000001|nas] [debug] Mobility registration updating required due to [T3512-EXPIRY]
ues1-1  | [2026-10-06 11:18:09.714] [999700000000001|nas] [debug] UAC access attempt is allowed for identity[0], category[MO_data]
ues1-1  | [2026-10-06 11:18:09.714] [999700000000001|nas] [debug] Sending Periodic Registration with update cause [T3512-EXPIRY]
ues1-1  | [2026-10-06 11:18:09.714] [999700000000001|nas] [info] UE switches to state [MM-REGISTER-INITIATED]
ues1-1  | [2026-10-06 11:18:09.714] [999700000000001|rrc] [debug] Sending RRC Setup Request
ues1-1  | [2026-10-06 11:18:24.242] [999700000000002|nas] [debug] NAS timer[3510] expired [1]
ues1-1  | [2026-10-06 11:18:24.242] [999700000000002|nas] [info] UE switches to state [MM-REGISTERED/NORMAL-SERVICE]
ues1-1  | [2026-10-06 11:18:24.242] [999700000000002|rrc] [info] UE switches to state [RRC-IDLE]
ues1-1  | [2026-10-06 11:18:24.243] [999700000000003|nas] [debug] NAS timer[3510] expired [1]
ues1-1  | [2026-10-06 11:18:24.243] [999700000000003|nas] [info] UE switches to state [MM-REGISTERED/NORMAL-SERVICE]
ues1-1  | [2026-10-06 11:18:24.243] [999700000000003|rrc] [info] UE switches to state [RRC-IDLE]
ues1-1  | [2026-10-06 11:18:24.729] [999700000000001|nas] [debug] NAS timer[3510] expired [1]
ues1-1  | [2026-10-06 11:18:24.729] [999700000000001|nas] [info] UE switches to state [MM-REGISTERED/NORMAL-SERVICE]
ues1-1  | [2026-10-06 11:18:24.729] [999700000000001|rrc] [info] UE switches to state [RRC-IDLE]
ues1-1  | Deleting ue: nr-ue -c ue.yaml
ues1-1  | [2026-10-06 11:18:58.085] [999700000000001|nas] [debug] De-registration required due to [SWITCH-OFF]
ues1-1  | De-registration procedure triggered. UE device will be switched off.
ues1-1  | [2026-10-06 11:18:58.095] [999700000000001|nas] [debug] UAC access attempt is allowed for identity[0], category[MO_data]
ues1-1  | [2026-10-06 11:18:58.095] [999700000000001|nas] [debug] Starting de-registration procedure due to [SWITCH-OFF]
ues1-1  | [2026-10-06 11:18:58.095] [999700000000001|nas] [debug] Performing local release of PDU session[1]
ues1-1  | [2026-10-06 11:18:58.095] [999700000000001|nas] [info] UE switches to state [MM-DEREGISTER-INITIATED]
ues1-1  | [2026-10-06 11:18:58.095] [999700000000001|rrc] [debug] Sending RRC Setup Request
ues1-1  | [2026-10-06 11:18:58.096] [999700000000001|rrc] [info] RRC connection established
ues1-1  | [2026-10-06 11:18:58.096] [999700000000001|rrc] [info] UE switches to state [RRC-CONNECTED]
ues1-1  | [2026-10-06 11:18:58.096] [999700000000001|nas] [info] UE switches to state [CM-CONNECTED]
ues1-1  | [2026-10-06 11:18:58.097] [999700000000002|nas] [debug] De-registration required due to [SWITCH-OFF]
ues1-1  | De-registration procedure triggered. UE device will be switched off.
ues1-1  | [2026-10-06 11:18:58.107] [999700000000002|nas] [debug] UAC access attempt is allowed for identity[0], category[MO_data]
ues1-1  | [2026-10-06 11:18:58.107] [999700000000002|nas] [debug] Starting de-registration procedure due to [SWITCH-OFF]
ues1-1  | [2026-10-06 11:18:58.107] [999700000000002|nas] [debug] Performing local release of PDU session[1]
ues1-1  | [2026-10-06 11:18:58.107] [999700000000002|nas] [info] UE switches to state [MM-DEREGISTER-INITIATED]
ues1-1  | [2026-10-06 11:18:58.107] [999700000000002|rrc] [debug] Sending RRC Setup Request
ues1-1  | [2026-10-06 11:18:58.107] [999700000000002|rrc] [info] RRC connection established
ues1-1  | [2026-10-06 11:18:58.107] [999700000000002|rrc] [info] UE switches to state [RRC-CONNECTED]
ues1-1  | [2026-10-06 11:18:58.107] [999700000000002|nas] [info] UE switches to state [CM-CONNECTED]
ues1-1  | [2026-10-06 11:18:58.109] [999700000000003|nas] [debug] De-registration required due to [SWITCH-OFF]
ues1-1  | De-registration procedure triggered. UE device will be switched off.
ues1-1  | UEs switched off
ues1-1  | [2026-10-06 11:18:58.119] [999700000000003|nas] [debug] UAC access attempt is allowed for identity[0], category[MO_data]
ues1-1  | [2026-10-06 11:18:58.119] [999700000000003|nas] [debug] Starting de-registration procedure due to [SWITCH-OFF]
ues1-1  | [2026-10-06 11:18:58.119] [999700000000003|nas] [debug] Performing local release of PDU session[1]
ues1-1  | [2026-10-06 11:18:58.119] [999700000000003|nas] [info] UE switches to state [MM-DEREGISTER-INITIATED]
ues1-1  | [2026-10-06 11:18:58.119] [999700000000003|rrc] [debug] Sending RRC Setup Request
ues1-1  | [2026-10-06 11:18:58.119] [999700000000003|rrc] [info] RRC connection established
ues1-1  | [2026-10-06 11:18:58.120] [999700000000003|rrc] [info] UE switches to state [RRC-CONNECTED]
ues1-1  | [2026-10-06 11:18:58.120] [999700000000003|nas] [info] UE switches to state [CM-CONNECTED]
ues1-1  | [2026-10-06 11:18:58.131] [999700000000001|rrc] [debug] RRC Release received
ues1-1  | [2026-10-06 11:18:58.131] [999700000000001|nas] [info] UE switches to state [CM-IDLE]
ues1-1  | [2026-10-06 11:18:58.139] [999700000000002|rrc] [debug] RRC Release received
ues1-1  | [2026-10-06 11:18:58.139] [999700000000002|nas] [info] UE switches to state [CM-IDLE]
ues1-1  | [2026-10-06 11:18:58.140] [999700000000003|rrc] [debug] RRC Release received
ues1-1  | [2026-10-06 11:18:58.140] [999700000000003|nas] [info] UE switches to state [CM-IDLE]
ues1-1  | [2026-10-06 11:18:58.622] [999700000000001|app] [info] UE device is switching off
ues1-1  | [2026-10-06 11:18:58.642] [999700000000002|app] [info] UE device is switching off
ues1-1  | [2026-10-06 11:18:58.642] [999700000000003|app] [info] UE device is switching off
ues1-1  | GNB_IP: 172.18.0.10
ues1-1  | Launching ue: nr-ue -c ue.yaml
ues1-1  | UERANSIM v3.2.6
ues1-1  | [2026-10-06 11:19:03.489] [999700000000003|nas] [info] UE switches to state [MM-DEREGISTERED/PLMN-SEARCH]
ues1-1  | [2026-10-06 11:19:03.489] [999700000000002|nas] [info] UE switches to state [MM-DEREGISTERED/PLMN-SEARCH]
ues1-1  | [2026-10-06 11:19:03.489] [999700000000001|nas] [info] UE switches to state [MM-DEREGISTERED/PLMN-SEARCH]
ues1-1  | [2026-10-06 11:19:03.490] [999700000000002|rrc] [debug] New signal detected for cell[1], total [1] cells in coverage
ues1-1  | [2026-10-06 11:19:03.490] [999700000000003|rrc] [debug] New signal detected for cell[1], total [1] cells in coverage
ues1-1  | [2026-10-06 11:19:03.490] [999700000000001|rrc] [debug] New signal detected for cell[1], total [1] cells in coverage
ues1-1  | [2026-10-06 11:19:03.490] [999700000000002|nas] [info] Selected plmn[999/70]
ues1-1  | [2026-10-06 11:19:03.490] [999700000000001|nas] [info] Selected plmn[999/70]
ues1-1  | [2026-10-06 11:19:03.490] [999700000000002|rrc] [info] Selected cell plmn[999/70] tac[1] category[SUITABLE]
ues1-1  | [2026-10-06 11:19:03.490] [999700000000003|nas] [info] Selected plmn[999/70]
ues1-1  | [2026-10-06 11:19:03.490] [999700000000002|nas] [info] UE switches to state [MM-DEREGISTERED/PS]
ues1-1  | [2026-10-06 11:19:03.490] [999700000000002|nas] [info] UE switches to state [MM-DEREGISTERED/NORMAL-SERVICE]
ues1-1  | [2026-10-06 11:19:03.490] [999700000000002|nas] [debug] Initial registration required due to [MM-DEREG-NORMAL-SERVICE]
ues1-1  | [2026-10-06 11:19:03.490] [999700000000003|rrc] [info] Selected cell plmn[999/70] tac[1] category[SUITABLE]
ues1-1  | [2026-10-06 11:19:03.490] [999700000000001|rrc] [info] Selected cell plmn[999/70] tac[1] category[SUITABLE]
ues1-1  | [2026-10-06 11:19:03.490] [999700000000002|nas] [debug] UAC access attempt is allowed for identity[0], category[MO_sig]
ues1-1  | [2026-10-06 11:19:03.490] [999700000000002|nas] [debug] Sending Initial Registration
ues1-1  | [2026-10-06 11:19:03.490] [999700000000003|nas] [info] UE switches to state [MM-DEREGISTERED/PS]
ues1-1  | [2026-10-06 11:19:03.490] [999700000000003|nas] [info] UE switches to state [MM-DEREGISTERED/NORMAL-SERVICE]
ues1-1  | [2026-10-06 11:19:03.490] [999700000000003|nas] [debug] Initial registration required due to [MM-DEREG-NORMAL-SERVICE]
ues1-1  | [2026-10-06 11:19:03.490] [999700000000001|nas] [info] UE switches to state [MM-DEREGISTERED/PS]
ues1-1  | [2026-10-06 11:19:03.490] [999700000000001|nas] [info] UE switches to state [MM-DEREGISTERED/NORMAL-SERVICE]
ues1-1  | [2026-10-06 11:19:03.490] [999700000000001|nas] [debug] Initial registration required due to [MM-DEREG-NORMAL-SERVICE]
ues1-1  | [2026-10-06 11:19:03.490] [999700000000003|nas] [debug] UAC access attempt is allowed for identity[0], category[MO_sig]
ues1-1  | [2026-10-06 11:19:03.490] [999700000000003|nas] [debug] Sending Initial Registration
ues1-1  | [2026-10-06 11:19:03.490] [999700000000003|nas] [info] UE switches to state [MM-REGISTER-INITIATED]
ues1-1  | [2026-10-06 11:19:03.490] [999700000000002|nas] [info] UE switches to state [MM-REGISTER-INITIATED]
ues1-1  | [2026-10-06 11:19:03.490] [999700000000003|rrc] [debug] Sending RRC Setup Request
ues1-1  | [2026-10-06 11:19:03.490] [999700000000001|nas] [debug] UAC access attempt is allowed for identity[0], category[MO_sig]
ues1-1  | [2026-10-06 11:19:03.490] [999700000000001|nas] [debug] Sending Initial Registration
ues1-1  | [2026-10-06 11:19:03.490] [999700000000002|rrc] [debug] Sending RRC Setup Request
ues1-1  | [2026-10-06 11:19:03.490] [999700000000001|nas] [info] UE switches to state [MM-REGISTER-INITIATED]
ues1-1  | [2026-10-06 11:19:03.490] [999700000000001|rrc] [debug] Sending RRC Setup Request
ues1-1  | [2026-10-06 11:19:03.490] [999700000000003|rrc] [info] RRC connection established
ues1-1  | [2026-10-06 11:19:03.490] [999700000000003|rrc] [info] UE switches to state [RRC-CONNECTED]
ues1-1  | [2026-10-06 11:19:03.490] [999700000000003|nas] [info] UE switches to state [CM-CONNECTED]
ues1-1  | [2026-10-06 11:19:03.490] [999700000000002|rrc] [info] RRC connection established
ues1-1  | [2026-10-06 11:19:03.490] [999700000000002|rrc] [info] UE switches to state [RRC-CONNECTED]
ues1-1  | [2026-10-06 11:19:03.490] [999700000000001|rrc] [info] RRC connection established
ues1-1  | [2026-10-06 11:19:03.491] [999700000000001|rrc] [info] UE switches to state [RRC-CONNECTED]
ues1-1  | [2026-10-06 11:19:03.491] [999700000000001|nas] [info] UE switches to state [CM-CONNECTED]
ues1-1  | [2026-10-06 11:19:03.491] [999700000000002|nas] [info] UE switches to state [CM-CONNECTED]
ues1-1  | [2026-10-06 11:19:03.494] [999700000000003|nas] [debug] Authentication Request received
ues1-1  | [2026-10-06 11:19:03.497] [999700000000001|nas] [debug] Authentication Request received
ues1-1  | [2026-10-06 11:19:03.497] [999700000000002|nas] [debug] Authentication Request received
ues1-1  | [2026-10-06 11:19:03.500] [999700000000003|nas] [debug] Security Mode Command received
ues1-1  | [2026-10-06 11:19:03.500] [999700000000003|nas] [debug] Selected integrity[2] ciphering[0]
ues1-1  | [2026-10-06 11:19:03.500] [999700000000001|nas] [debug] Security Mode Command received
ues1-1  | [2026-10-06 11:19:03.500] [999700000000001|nas] [debug] Selected integrity[2] ciphering[0]
ues1-1  | [2026-10-06 11:19:03.502] [999700000000002|nas] [debug] Security Mode Command received
ues1-1  | [2026-10-06 11:19:03.502] [999700000000002|nas] [debug] Selected integrity[2] ciphering[0]
ues1-1  | [2026-10-06 11:19:03.511] [999700000000003|nas] [debug] Registration accept received
ues1-1  | [2026-10-06 11:19:03.511] [999700000000003|nas] [info] UE switches to state [MM-REGISTERED/NORMAL-SERVICE]
ues1-1  | [2026-10-06 11:19:03.511] [999700000000003|nas] [debug] Sending Registration Complete
ues1-1  | [2026-10-06 11:19:03.511] [999700000000003|nas] [info] Initial Registration is successful
ues1-1  | [2026-10-06 11:19:03.511] [999700000000003|nas] [debug] Sending PDU Session Establishment Request
ues1-1  | [2026-10-06 11:19:03.511] [999700000000001|nas] [debug] Registration accept received
ues1-1  | [2026-10-06 11:19:03.511] [999700000000001|nas] [info] UE switches to state [MM-REGISTERED/NORMAL-SERVICE]
ues1-1  | [2026-10-06 11:19:03.511] [999700000000003|nas] [debug] UAC access attempt is allowed for identity[0], category[MO_sig]
ues1-1  | [2026-10-06 11:19:03.511] [999700000000001|nas] [debug] Sending Registration Complete
ues1-1  | [2026-10-06 11:19:03.511] [999700000000001|nas] [info] Initial Registration is successful
ues1-1  | [2026-10-06 11:19:03.511] [999700000000001|nas] [debug] Sending PDU Session Establishment Request
ues1-1  | [2026-10-06 11:19:03.511] [999700000000001|nas] [debug] UAC access attempt is allowed for identity[0], category[MO_sig]
ues1-1  | [2026-10-06 11:19:03.517] [999700000000002|nas] [debug] Registration accept received
ues1-1  | [2026-10-06 11:19:03.517] [999700000000002|nas] [info] UE switches to state [MM-REGISTERED/NORMAL-SERVICE]
ues1-1  | [2026-10-06 11:19:03.517] [999700000000002|nas] [debug] Sending Registration Complete
ues1-1  | [2026-10-06 11:19:03.517] [999700000000002|nas] [info] Initial Registration is successful
ues1-1  | [2026-10-06 11:19:03.517] [999700000000002|nas] [debug] Sending PDU Session Establishment Request
ues1-1  | [2026-10-06 11:19:03.517] [999700000000002|nas] [debug] UAC access attempt is allowed for identity[0], category[MO_sig]
ues1-1  | [2026-10-06 11:19:03.517] [999700000000003|nas] [debug] Configuration Update Command received
ues1-1  | [2026-10-06 11:19:03.517] [999700000000001|nas] [debug] Configuration Update Command received
ues1-1  | [2026-10-06 11:19:03.518] [999700000000002|nas] [debug] Configuration Update Command received
ues1-1  | [2026-10-06 11:19:03.531] [999700000000001|nas] [debug] PDU Session Establishment Accept received
ues1-1  | [2026-10-06 11:19:03.532] [999700000000001|nas] [info] PDU Session establishment is successful PSI[1]
ues1-1  | [2026-10-06 11:19:03.532] [999700000000003|nas] [debug] PDU Session Establishment Accept received
ues1-1  | [2026-10-06 11:19:03.532] [999700000000003|nas] [info] PDU Session establishment is successful PSI[1]
ues1-1  | [2026-10-06 11:19:03.533] [999700000000002|nas] [debug] PDU Session Establishment Accept received
ues1-1  | [2026-10-06 11:19:03.533] [999700000000002|nas] [info] PDU Session establishment is successful PSI[1]
ues1-1  | [2026-10-06 11:19:03.544] [999700000000001|app] [info] Connection setup for PDU session[1] is successful, TUN interface[uesimtun0, 10.45.0.5] is up.
ues1-1  | [2026-10-06 11:19:03.549] [999700000000003|app] [info] Connection setup for PDU session[1] is successful, TUN interface[uesimtun1, 10.45.0.6] is up.
ues1-1  | [2026-10-06 11:19:03.554] [999700000000002|app] [info] Connection setup for PDU session[1] is successful, TUN interface[uesimtun2, 10.45.0.7] is up.
ues1-1  | [2026-10-06 11:28:16.421] [999700000000003|rrc] [debug] Signal lost for cell[1], total [0] cells in coverage
ues1-1  | [2026-10-06 11:28:16.421] [999700000000003|rrc] [debug] New signal detected for cell[2], total [1] cells in coverage
ues1-1  | [2026-10-06 11:28:16.421] [999700000000001|rrc] [debug] Signal lost for cell[1], total [0] cells in coverage
ues1-1  | [2026-10-06 11:28:16.421] [999700000000001|rrc] [debug] New signal detected for cell[2], total [1] cells in coverage
ues1-1  | [2026-10-06 11:28:16.421] [999700000000002|rrc] [debug] Signal lost for cell[1], total [0] cells in coverage
ues1-1  | [2026-10-06 11:28:16.421] [999700000000002|rrc] [debug] New signal detected for cell[2], total [1] cells in coverage
ues1-1  | [2026-10-06 11:28:16.421] [999700000000003|nas] [error] Radio link failure detected
ues1-1  | [2026-10-06 11:28:16.422] [999700000000002|rrc] [warning] Suitable cell selection failed in [1] cells. [0] out of PLMN, [1] no SI, [0] reserved, [0] barred, ftai [0]
ues1-1  | [2026-10-06 11:28:16.422] [999700000000002|rrc] [warning] Acceptable cell selection failed in [1] cells. [1] no SI, [0] reserved, [0] barred, ftai [0]
ues1-1  | [2026-10-06 11:28:16.422] [999700000000002|rrc] [error] Cell selection failure, no suitable or acceptable cell found
ues1-1  | [2026-10-06 11:28:16.422] [999700000000001|rrc] [warning] Suitable cell selection failed in [1] cells. [0] out of PLMN, [1] no SI, [0] reserved, [0] barred, ftai [0]
ues1-1  | [2026-10-06 11:28:16.422] [999700000000002|nas] [error] Radio link failure detected
ues1-1  | [2026-10-06 11:28:16.422] [999700000000001|rrc] [warning] Acceptable cell selection failed in [1] cells. [1] no SI, [0] reserved, [0] barred, ftai [0]
ues1-1  | [2026-10-06 11:28:16.422] [999700000000001|rrc] [error] Cell selection failure, no suitable or acceptable cell found
ues1-1  | [2026-10-06 11:28:16.422] [999700000000001|nas] [error] Radio link failure detected
ues1-1  | [2026-10-06 11:28:16.422] [999700000000002|nas] [info] UE switches to state [CM-IDLE]
ues1-1  | [2026-10-06 11:28:16.422] [999700000000003|rrc] [warning] Suitable cell selection failed in [1] cells. [0] out of PLMN, [1] no SI, [0] reserved, [0] barred, ftai [0]
ues1-1  | [2026-10-06 11:28:16.422] [999700000000003|rrc] [warning] Acceptable cell selection failed in [1] cells. [1] no SI, [0] reserved, [0] barred, ftai [0]
ues1-1  | [2026-10-06 11:28:16.422] [999700000000003|rrc] [error] Cell selection failure, no suitable or acceptable cell found
ues1-1  | [2026-10-06 11:28:16.422] [999700000000002|nas] [info] UE switches to state [MM-REGISTERED/PS]
ues1-1  | [2026-10-06 11:28:16.422] [999700000000002|nas] [info] UE switches to state [MM-REGISTERED/PLMN-SEARCH]
ues1-1  | [2026-10-06 11:28:16.422] [999700000000002|nas] [error] PLMN selection failure, no cells in coverage
ues1-1  | [2026-10-06 11:28:16.422] [999700000000001|nas] [info] UE switches to state [CM-IDLE]
ues1-1  | [2026-10-06 11:28:16.422] [999700000000001|nas] [info] UE switches to state [MM-REGISTERED/PS]
ues1-1  | [2026-10-06 11:28:16.422] [999700000000001|nas] [info] UE switches to state [MM-REGISTERED/PLMN-SEARCH]
ues1-1  | [2026-10-06 11:28:16.422] [999700000000001|nas] [error] PLMN selection failure, no cells in coverage
ues1-1  | [2026-10-06 11:28:16.422] [999700000000003|nas] [info] UE switches to state [CM-IDLE]
ues1-1  | [2026-10-06 11:28:16.422] [999700000000003|nas] [info] UE switches to state [MM-REGISTERED/PS]
ues1-1  | [2026-10-06 11:28:16.422] [999700000000003|nas] [info] UE switches to state [MM-REGISTERED/PLMN-SEARCH]
ues1-1  | [2026-10-06 11:28:16.422] [999700000000003|nas] [error] PLMN selection failure, no cells in coverage
ues1-1  | [2026-10-06 11:28:18.623] [999700000000003|nas] [error] PLMN selection failure, no cells in coverage
ues1-1  | [2026-10-06 11:28:18.623] [999700000000001|nas] [error] PLMN selection failure, no cells in coverage
ues1-1  | [2026-10-06 11:28:18.623] [999700000000002|nas] [error] PLMN selection failure, no cells in coverage
ues1-1  | [2026-10-06 11:28:20.825] [999700000000003|nas] [error] PLMN selection failure, no cells in coverage
ues1-1  | [2026-10-06 11:28:20.825] [999700000000001|nas] [error] PLMN selection failure, no cells in coverage
ues1-1  | [2026-10-06 11:28:20.825] [999700000000002|nas] [error] PLMN selection failure, no cells in coverage
ues1-1  | [2026-10-06 11:28:21.926] [999700000000001|nas] [info] UE switches to state [MM-REGISTERED/NO-CELL-AVAILABLE]
ues1-1  | [2026-10-06 11:28:21.926] [999700000000003|nas] [info] UE switches to state [MM-REGISTERED/NO-CELL-AVAILABLE]
ues1-1  | [2026-10-06 11:28:21.926] [999700000000002|nas] [info] UE switches to state [MM-REGISTERED/NO-CELL-AVAILABLE]
ues1-1  | [2026-10-06 11:28:26.422] [999700000000003|nas] [info] Selected plmn[999/70]
ues1-1  | [2026-10-06 11:28:26.422] [999700000000001|nas] [info] Selected plmn[999/70]
ues1-1  | [2026-10-06 11:28:26.422] [999700000000003|rrc] [info] Selected cell plmn[999/70] tac[1] category[SUITABLE]
ues1-1  | [2026-10-06 11:28:26.422] [999700000000002|nas] [info] Selected plmn[999/70]
ues1-1  | [2026-10-06 11:28:26.422] [999700000000002|rrc] [info] Selected cell plmn[999/70] tac[1] category[SUITABLE]
ues1-1  | [2026-10-06 11:28:26.422] [999700000000001|rrc] [info] Selected cell plmn[999/70] tac[1] category[SUITABLE]
ues1-1  | [2026-10-06 11:28:26.422] [999700000000003|nas] [info] UE switches to state [MM-REGISTERED/PS]
ues1-1  | [2026-10-06 11:28:26.422] [999700000000002|nas] [info] UE switches to state [MM-REGISTERED/PS]
ues1-1  | [2026-10-06 11:28:26.422] [999700000000003|nas] [info] UE switches to state [MM-REGISTERED/NORMAL-SERVICE]
ues1-1  | [2026-10-06 11:28:26.422] [999700000000001|nas] [info] UE switches to state [MM-REGISTERED/PS]
ues1-1  | [2026-10-06 11:28:26.422] [999700000000002|nas] [info] UE switches to state [MM-REGISTERED/NORMAL-SERVICE]
ues1-1  | [2026-10-06 11:28:26.422] [999700000000001|nas] [info] UE switches to state [MM-REGISTERED/NORMAL-SERVICE]
ues1-1  | [2026-10-06 11:28:58.539] [999700000000002|nas] [debug] Uplink data status changed PSI[1] pending[true]
ues1-1  | [2026-10-06 11:28:58.540] [999700000000002|nas] [debug] Service request required due to [IDLE-UPLINK-DATA-PENDING]
ues1-1  | [2026-10-06 11:28:58.540] [999700000000002|nas] [debug] UAC access attempt is allowed for identity[0], category[MO_data]
ues1-1  | [2026-10-06 11:28:58.540] [999700000000002|nas] [debug] Sending Service Request due to [IDLE-UPLINK-DATA-PENDING]
ues1-1  | [2026-10-06 11:28:58.540] [999700000000002|nas] [info] UE switches to state [MM-SERVICE-REQUEST-INITIATED]
ues1-1  | [2026-10-06 11:28:58.540] [999700000000002|rrc] [debug] Sending RRC Setup Request
ues1-1  | [2026-10-06 11:29:13.858] [999700000000002|nas] [debug] NAS timer[3517] expired [1]
ues1-1  | [2026-10-06 11:29:13.858] [999700000000002|nas] [info] UE switches to state [MM-REGISTERED/PS]
ues1-1  | [2026-10-06 11:29:13.858] [999700000000002|nas] [info] UE switches to state [MM-REGISTERED/NORMAL-SERVICE]
ues1-1  | [2026-10-06 11:35:26.857] [999700000000003|nas] [debug] Uplink data status changed PSI[1] pending[true]
ues1-1  | [2026-10-06 11:35:26.857] [999700000000003|nas] [debug] Service request required due to [IDLE-UPLINK-DATA-PENDING]
ues1-1  | [2026-10-06 11:35:26.857] [999700000000003|nas] [debug] UAC access attempt is allowed for identity[0], category[MO_data]
ues1-1  | [2026-10-06 11:35:26.857] [999700000000003|nas] [debug] Sending Service Request due to [IDLE-UPLINK-DATA-PENDING]
ues1-1  | [2026-10-06 11:35:26.858] [999700000000003|rrc] [debug] Sending RRC Setup Request
ues1-1  | [2026-10-06 11:35:26.858] [999700000000003|nas] [info] UE switches to state [MM-SERVICE-REQUEST-INITIATED]
ues1-1  | [2026-10-06 11:35:42.358] [999700000000003|nas] [debug] NAS timer[3517] expired [1]
ues1-1  | [2026-10-06 11:35:42.358] [999700000000003|nas] [info] UE switches to state [MM-REGISTERED/PS]
ues1-1  | [2026-10-06 11:35:42.358] [999700000000003|nas] [info] UE switches to state [MM-REGISTERED/NORMAL-SERVICE]
ues1-1  | [2026-10-06 11:35:45.015] [999700000000002|rrc] [debug] Signal lost for cell[2], total [0] cells in coverage
ues1-1  | [2026-10-06 11:35:45.015] [999700000000003|rrc] [debug] Signal lost for cell[2], total [0] cells in coverage
ues1-1  | [2026-10-06 11:35:45.015] [999700000000002|nas] [info] UE switches to state [MM-REGISTERED/PS]
ues1-1  | [2026-10-06 11:35:45.015] [999700000000001|rrc] [debug] Signal lost for cell[2], total [0] cells in coverage
ues1-1  | [2026-10-06 11:35:45.015] [999700000000003|nas] [info] UE switches to state [MM-REGISTERED/PS]
ues1-1  | [2026-10-06 11:35:45.015] [999700000000003|nas] [info] UE switches to state [MM-REGISTERED/PLMN-SEARCH]
ues1-1  | [2026-10-06 11:35:45.015] [999700000000003|nas] [error] PLMN selection failure, no cells in coverage
ues1-1  | [2026-10-06 11:35:45.015] [999700000000003|rrc] [warning] Acceptable cell selection failed, no cell is in coverage
ues1-1  | [2026-10-06 11:35:45.015] [999700000000003|rrc] [error] Cell selection failure, no suitable or acceptable cell found
ues1-1  | [2026-10-06 11:35:45.015] [999700000000002|rrc] [warning] Suitable cell selection failed, no cell is in coverage
ues1-1  | [2026-10-06 11:35:45.015] [999700000000002|rrc] [warning] Acceptable cell selection failed, no cell is in coverage
ues1-1  | [2026-10-06 11:35:45.015] [999700000000002|rrc] [error] Cell selection failure, no suitable or acceptable cell found
ues1-1  | [2026-10-06 11:35:45.015] [999700000000001|nas] [info] UE switches to state [MM-REGISTERED/PS]
ues1-1  | [2026-10-06 11:35:45.015] [999700000000001|nas] [info] UE switches to state [MM-REGISTERED/PLMN-SEARCH]
ues1-1  | [2026-10-06 11:35:45.015] [999700000000001|rrc] [debug] New signal detected for cell[3], total [1] cells in coverage
ues1-1  | [2026-10-06 11:35:45.015] [999700000000003|rrc] [debug] New signal detected for cell[3], total [1] cells in coverage
ues1-1  | [2026-10-06 11:35:45.015] [999700000000002|nas] [info] UE switches to state [MM-REGISTERED/PLMN-SEARCH]
ues1-1  | [2026-10-06 11:35:45.015] [999700000000001|rrc] [warning] Suitable cell selection failed in [1] cells. [0] out of PLMN, [1] no SI, [0] reserved, [0] barred, ftai [0]
ues1-1  | [2026-10-06 11:35:45.015] [999700000000001|rrc] [warning] Acceptable cell selection failed in [1] cells. [1] no SI, [0] reserved, [0] barred, ftai [0]
ues1-1  | [2026-10-06 11:35:45.015] [999700000000001|rrc] [error] Cell selection failure, no suitable or acceptable cell found
ues1-1  | [2026-10-06 11:35:45.015] [999700000000002|rrc] [debug] New signal detected for cell[3], total [1] cells in coverage
ues1-1  | [2026-10-06 11:35:45.015] [999700000000001|nas] [error] PLMN selection failure, no cells in coverage
ues1-1  | [2026-10-06 11:35:45.015] [999700000000002|nas] [error] PLMN selection failure, no cells in coverage
ues1-1  | [2026-10-06 11:35:46.527] [999700000000002|nas] [info] Selected plmn[999/70]
ues1-1  | [2026-10-06 11:35:46.527] [999700000000003|nas] [info] Selected plmn[999/70]
ues1-1  | [2026-10-06 11:35:46.527] [999700000000002|rrc] [info] Selected cell plmn[999/70] tac[1] category[SUITABLE]
ues1-1  | [2026-10-06 11:35:46.527] [999700000000001|nas] [info] Selected plmn[999/70]
ues1-1  | [2026-10-06 11:35:46.527] [999700000000003|rrc] [info] Selected cell plmn[999/70] tac[1] category[SUITABLE]
ues1-1  | [2026-10-06 11:35:46.527] [999700000000002|nas] [info] UE switches to state [MM-REGISTERED/PS]
ues1-1  | [2026-10-06 11:35:46.527] [999700000000002|nas] [info] UE switches to state [MM-REGISTERED/NORMAL-SERVICE]
ues1-1  | [2026-10-06 11:35:46.527] [999700000000001|rrc] [info] Selected cell plmn[999/70] tac[1] category[SUITABLE]
ues1-1  | [2026-10-06 11:35:46.528] [999700000000003|nas] [info] UE switches to state [MM-REGISTERED/PS]
ues1-1  | [2026-10-06 11:35:46.528] [999700000000003|nas] [info] UE switches to state [MM-REGISTERED/NORMAL-SERVICE]
ues1-1  | [2026-10-06 11:35:46.528] [999700000000001|nas] [info] UE switches to state [MM-REGISTERED/PS]
ues1-1  | [2026-10-06 11:35:46.528] [999700000000001|nas] [info] UE switches to state [MM-REGISTERED/NORMAL-SERVICE]
ues1-1  | [2026-10-06 11:36:01.101] [999700000000001|nas] [debug] Uplink data status changed PSI[1] pending[true]
ues1-1  | [2026-10-06 11:36:01.101] [999700000000001|nas] [debug] Service request required due to [IDLE-UPLINK-DATA-PENDING]
ues1-1  | [2026-10-06 11:36:01.102] [999700000000001|nas] [debug] UAC access attempt is allowed for identity[0], category[MO_data]
ues1-1  | [2026-10-06 11:36:01.102] [999700000000001|nas] [debug] Sending Service Request due to [IDLE-UPLINK-DATA-PENDING]
ues1-1  | [2026-10-06 11:36:01.102] [999700000000001|nas] [info] UE switches to state [MM-SERVICE-REQUEST-INITIATED]
ues1-1  | [2026-10-06 11:36:01.102] [999700000000001|rrc] [debug] Sending RRC Setup Request
ues1-1  | [2026-10-06 11:36:17.048] [999700000000001|nas] [debug] NAS timer[3517] expired [1]
ues1-1  | [2026-10-06 11:36:17.048] [999700000000001|nas] [info] UE switches to state [MM-REGISTERED/PS]
ues1-1  | [2026-10-06 11:36:17.048] [999700000000001|nas] [info] UE switches to state [MM-REGISTERED/NORMAL-SERVICE]
ues1-1  | [2026-10-06 11:37:16.999] [999700000000003|nas] [debug] NAS timer[3512] expired [1]
ues1-1  | [2026-10-06 11:37:16.999] [999700000000003|nas] [debug] Mobility registration updating required due to [T3512-EXPIRY]
ues1-1  | [2026-10-06 11:37:17.000] [999700000000003|nas] [debug] UAC access attempt is allowed for identity[0], category[MO_data]
ues1-1  | [2026-10-06 11:37:17.000] [999700000000002|nas] [debug] NAS timer[3512] expired [1]
ues1-1  | [2026-10-06 11:37:17.000] [999700000000001|nas] [debug] NAS timer[3512] expired [1]
ues1-1  | [2026-10-06 11:37:17.000] [999700000000001|nas] [debug] Mobility registration updating required due to [T3512-EXPIRY]
ues1-1  | [2026-10-06 11:37:17.000] [999700000000002|nas] [debug] Mobility registration updating required due to [T3512-EXPIRY]
ues1-1  | [2026-10-06 11:37:17.000] [999700000000001|nas] [debug] UAC access attempt is allowed for identity[0], category[MO_data]
ues1-1  | [2026-10-06 11:37:17.000] [999700000000001|nas] [debug] Sending Periodic Registration with update cause [T3512-EXPIRY]
ues1-1  | [2026-10-06 11:37:17.000] [999700000000003|nas] [debug] Sending Periodic Registration with update cause [T3512-EXPIRY]
ues1-1  | [2026-10-06 11:37:17.000] [999700000000001|nas] [info] UE switches to state [MM-REGISTER-INITIATED]
ues1-1  | [2026-10-06 11:37:17.000] [999700000000003|nas] [info] UE switches to state [MM-REGISTER-INITIATED]
ues1-1  | [2026-10-06 11:37:17.000] [999700000000001|rrc] [debug] Sending RRC Setup Request
ues1-1  | [2026-10-06 11:37:17.001] [999700000000003|rrc] [debug] Sending RRC Setup Request
ues1-1  | [2026-10-06 11:37:17.001] [999700000000002|nas] [debug] UAC access attempt is allowed for identity[0], category[MO_data]
ues1-1  | [2026-10-06 11:37:17.001] [999700000000002|nas] [debug] Sending Periodic Registration with update cause [T3512-EXPIRY]
ues1-1  | [2026-10-06 11:37:17.001] [999700000000002|nas] [info] UE switches to state [MM-REGISTER-INITIATED]
ues1-1  | [2026-10-06 11:37:17.001] [999700000000002|rrc] [debug] Sending RRC Setup Request
ues1-1  | [2026-10-06 11:37:32.686] [999700000000003|nas] [debug] NAS timer[3510] expired [1]
ues1-1  | [2026-10-06 11:37:32.686] [999700000000003|nas] [info] UE switches to state [MM-REGISTERED/NORMAL-SERVICE]
ues1-1  | [2026-10-06 11:37:32.686] [999700000000003|rrc] [info] UE switches to state [RRC-IDLE]
ues1-1  | [2026-10-06 11:37:32.687] [999700000000001|nas] [debug] NAS timer[3510] expired [1]
ues1-1  | [2026-10-06 11:37:32.687] [999700000000001|nas] [info] UE switches to state [MM-REGISTERED/NORMAL-SERVICE]
ues1-1  | [2026-10-06 11:37:32.687] [999700000000002|nas] [debug] NAS timer[3510] expired [1]
ues1-1  | [2026-10-06 11:37:32.687] [999700000000001|rrc] [info] UE switches to state [RRC-IDLE]
ues1-1  | [2026-10-06 11:37:32.687] [999700000000002|nas] [info] UE switches to state [MM-REGISTERED/NORMAL-SERVICE]
ues1-1  | [2026-10-06 11:37:32.687] [999700000000002|rrc] [info] UE switches to state [RRC-IDLE]
ues1-1  | [2026-10-06 11:45:11.596] [999700000000001|rrc] [debug] Signal lost for cell[3], total [0] cells in coverage
ues1-1  | [2026-10-06 11:45:11.596] [999700000000002|rrc] [debug] Signal lost for cell[3], total [0] cells in coverage
ues1-1  | [2026-10-06 11:45:11.596] [999700000000003|rrc] [debug] Signal lost for cell[3], total [0] cells in coverage
ues1-1  | [2026-10-06 11:45:11.596] [999700000000001|nas] [info] UE switches to state [MM-REGISTERED/PS]
ues1-1  | [2026-10-06 11:45:11.596] [999700000000002|rrc] [warning] Suitable cell selection failed, no cell is in coverage
ues1-1  | [2026-10-06 11:45:11.596] [999700000000001|nas] [info] UE switches to state [MM-REGISTERED/PLMN-SEARCH]
ues1-1  | [2026-10-06 11:45:11.596] [999700000000002|nas] [info] UE switches to state [MM-REGISTERED/PS]
ues1-1  | [2026-10-06 11:45:11.597] [999700000000002|nas] [info] UE switches to state [MM-REGISTERED/PLMN-SEARCH]
ues1-1  | [2026-10-06 11:45:11.597] [999700000000003|nas] [info] UE switches to state [MM-REGISTERED/PS]
ues1-1  | [2026-10-06 11:45:11.597] [999700000000003|nas] [info] UE switches to state [MM-REGISTERED/PLMN-SEARCH]
ues1-1  | [2026-10-06 11:45:11.597] [999700000000001|rrc] [debug] New signal detected for cell[4], total [1] cells in coverage
ues1-1  | [2026-10-06 11:45:11.596] [999700000000002|rrc] [warning] Acceptable cell selection failed, no cell is in coverage
ues1-1  | [2026-10-06 11:45:11.597] [999700000000002|rrc] [error] Cell selection failure, no suitable or acceptable cell found
ues1-1  | [2026-10-06 11:45:11.597] [999700000000002|rrc] [debug] New signal detected for cell[4], total [1] cells in coverage
ues1-1  | [2026-10-06 11:45:11.597] [999700000000003|rrc] [warning] Suitable cell selection failed, no cell is in coverage
ues1-1  | [2026-10-06 11:45:11.597] [999700000000003|rrc] [warning] Acceptable cell selection failed, no cell is in coverage
ues1-1  | [2026-10-06 11:45:11.597] [999700000000003|rrc] [error] Cell selection failure, no suitable or acceptable cell found
ues1-1  | [2026-10-06 11:45:11.597] [999700000000003|rrc] [debug] New signal detected for cell[4], total [1] cells in coverage
ues1-1  | [2026-10-06 11:45:11.597] [999700000000001|nas] [error] PLMN selection failure, no cells in coverage
ues1-1  | [2026-10-06 11:45:11.598] [999700000000002|nas] [error] PLMN selection failure, no cells in coverage
ues1-1  | [2026-10-06 11:45:11.598] [999700000000003|nas] [error] PLMN selection failure, no cells in coverage
ues1-1  | [2026-10-06 11:45:11.598] [999700000000001|rrc] [warning] Acceptable cell selection failed in [1] cells. [1] no SI, [0] reserved, [0] barred, ftai [0]
ues1-1  | [2026-10-06 11:45:11.598] [999700000000001|rrc] [error] Cell selection failure, no suitable or acceptable cell found
ues1-1  | [2026-10-06 11:45:13.800] [999700000000002|nas] [error] PLMN selection failure, no cells in coverage
ues1-1  | [2026-10-06 11:45:13.800] [999700000000001|nas] [error] PLMN selection failure, no cells in coverage
ues1-1  | [2026-10-06 11:45:13.800] [999700000000003|nas] [error] PLMN selection failure, no cells in coverage
ues1-1  | [2026-10-06 11:45:16.002] [999700000000002|nas] [error] PLMN selection failure, no cells in coverage
ues1-1  | [2026-10-06 11:45:16.002] [999700000000003|nas] [error] PLMN selection failure, no cells in coverage
ues1-1  | [2026-10-06 11:45:16.002] [999700000000001|nas] [error] PLMN selection failure, no cells in coverage
ues1-1  | [2026-10-06 11:45:16.584] [999700000000001|nas] [info] Selected plmn[999/70]
ues1-1  | [2026-10-06 11:45:16.584] [999700000000003|nas] [info] Selected plmn[999/70]
ues1-1  | [2026-10-06 11:45:16.584] [999700000000001|rrc] [info] Selected cell plmn[999/70] tac[1] category[SUITABLE]
ues1-1  | [2026-10-06 11:45:16.584] [999700000000001|nas] [info] UE switches to state [MM-REGISTERED/PS]
ues1-1  | [2026-10-06 11:45:16.584] [999700000000001|nas] [info] UE switches to state [MM-REGISTERED/NORMAL-SERVICE]
ues1-1  | [2026-10-06 11:45:16.584] [999700000000002|nas] [info] Selected plmn[999/70]
ues1-1  | [2026-10-06 11:45:16.584] [999700000000002|rrc] [info] Selected cell plmn[999/70] tac[1] category[SUITABLE]
ues1-1  | [2026-10-06 11:45:16.584] [999700000000003|rrc] [info] Selected cell plmn[999/70] tac[1] category[ACCEPTABLE]
ues1-1  | [2026-10-06 11:45:16.584] [999700000000002|nas] [info] UE switches to state [MM-REGISTERED/PS]
ues1-1  | [2026-10-06 11:45:16.584] [999700000000002|nas] [info] UE switches to state [MM-REGISTERED/NORMAL-SERVICE]
ues1-1  | [2026-10-06 11:45:16.584] [999700000000003|nas] [info] UE switches to state [MM-REGISTERED/PS]
ues1-1  | [2026-10-06 11:45:16.584] [999700000000003|nas] [info] UE switches to state [MM-REGISTERED/LIMITED-SERVICE]
ues1-1  | [2026-10-06 11:49:05.450] [999700000000003|rrc] [debug] Signal lost for cell[4], total [0] cells in coverage
ues1-1  | [2026-10-06 11:49:05.450] [999700000000002|rrc] [debug] Signal lost for cell[4], total [0] cells in coverage
ues1-1  | [2026-10-06 11:49:05.450] [999700000000003|nas] [info] UE switches to state [MM-REGISTERED/PS]
ues1-1  | [2026-10-06 11:49:05.450] [999700000000003|nas] [info] UE switches to state [MM-REGISTERED/PLMN-SEARCH]
ues1-1  | [2026-10-06 11:49:05.450] [999700000000003|nas] [error] PLMN selection failure, no cells in coverage
ues1-1  | [2026-10-06 11:49:05.450] [999700000000003|rrc] [debug] New signal detected for cell[5], total [1] cells in coverage
ues1-1  | [2026-10-06 11:49:05.450] [999700000000002|nas] [info] UE switches to state [MM-REGISTERED/PS]
ues1-1  | [2026-10-06 11:49:05.450] [999700000000002|nas] [info] UE switches to state [MM-REGISTERED/PLMN-SEARCH]
ues1-1  | [2026-10-06 11:49:05.450] [999700000000002|nas] [error] PLMN selection failure, no cells in coverage
ues1-1  | [2026-10-06 11:49:05.450] [999700000000002|rrc] [debug] New signal detected for cell[5], total [1] cells in coverage
ues1-1  | [2026-10-06 11:49:05.450] [999700000000001|rrc] [debug] Signal lost for cell[4], total [0] cells in coverage
ues1-1  | [2026-10-06 11:49:05.450] [999700000000001|rrc] [debug] New signal detected for cell[5], total [1] cells in coverage
ues1-1  | [2026-10-06 11:49:05.450] [999700000000002|rrc] [warning] Acceptable cell selection failed in [1] cells. [1] no SI, [0] reserved, [0] barred, ftai [0]
ues1-1  | [2026-10-06 11:49:05.450] [999700000000002|rrc] [error] Cell selection failure, no suitable or acceptable cell found
ues1-1  | [2026-10-06 11:49:05.450] [999700000000001|rrc] [warning] Suitable cell selection failed in [1] cells. [0] out of PLMN, [1] no SI, [0] reserved, [0] barred, ftai [0]
ues1-1  | [2026-10-06 11:49:05.450] [999700000000001|rrc] [warning] Acceptable cell selection failed in [1] cells. [1] no SI, [0] reserved, [0] barred, ftai [0]
ues1-1  | [2026-10-06 11:49:05.450] [999700000000001|rrc] [error] Cell selection failure, no suitable or acceptable cell found
ues1-1  | [2026-10-06 11:49:05.451] [999700000000003|rrc] [warning] Acceptable cell selection failed in [1] cells. [1] no SI, [0] reserved, [0] barred, ftai [0]
ues1-1  | [2026-10-06 11:49:05.451] [999700000000003|rrc] [error] Cell selection failure, no suitable or acceptable cell found
ues1-1  | [2026-10-06 11:49:05.451] [999700000000001|nas] [info] UE switches to state [MM-REGISTERED/PS]
ues1-1  | [2026-10-06 11:49:05.451] [999700000000001|nas] [info] UE switches to state [MM-REGISTERED/PLMN-SEARCH]
ues1-1  | [2026-10-06 11:49:05.451] [999700000000001|nas] [error] PLMN selection failure, no cells in coverage
ues1-1  | [2026-10-06 11:49:06.607] [999700000000003|nas] [info] Selected plmn[999/70]
ues1-1  | [2026-10-06 11:49:06.607] [999700000000001|nas] [info] Selected plmn[999/70]
ues1-1  | [2026-10-06 11:49:06.607] [999700000000003|rrc] [info] Selected cell plmn[999/70] tac[1] category[SUITABLE]
ues1-1  | [2026-10-06 11:49:06.607] [999700000000001|rrc] [info] Selected cell plmn[999/70] tac[1] category[SUITABLE]
ues1-1  | [2026-10-06 11:49:06.607] [999700000000003|nas] [info] UE switches to state [MM-REGISTERED/PS]
ues1-1  | [2026-10-06 11:49:06.607] [999700000000003|nas] [info] UE switches to state [MM-REGISTERED/NORMAL-SERVICE]
ues1-1  | [2026-10-06 11:49:06.607] [999700000000001|nas] [info] UE switches to state [MM-REGISTERED/PS]
ues1-1  | [2026-10-06 11:49:06.607] [999700000000001|nas] [info] UE switches to state [MM-REGISTERED/NORMAL-SERVICE]
ues1-1  | [2026-10-06 11:49:06.607] [999700000000002|nas] [info] Selected plmn[999/70]
ues1-1  | [2026-10-06 11:49:06.607] [999700000000002|rrc] [info] Selected cell plmn[999/70] tac[1] category[ACCEPTABLE]
ues1-1  | [2026-10-06 11:49:06.607] [999700000000002|nas] [info] UE switches to state [MM-REGISTERED/PS]
ues1-1  | [2026-10-06 11:49:06.607] [999700000000002|nas] [info] UE switches to state [MM-REGISTERED/LIMITED-SERVICE]
ues1-1  | [2026-10-06 11:57:24.894] [999700000000001|rrc] [debug] Signal lost for cell[5], total [0] cells in coverage
ues1-1  | [2026-10-06 11:57:24.894] [999700000000003|rrc] [debug] Signal lost for cell[5], total [0] cells in coverage
ues1-1  | [2026-10-06 11:57:24.894] [999700000000003|rrc] [debug] New signal detected for cell[6], total [1] cells in coverage
ues1-1  | [2026-10-06 11:57:24.894] [999700000000001|rrc] [warning] Suitable cell selection failed, no cell is in coverage
ues1-1  | [2026-10-06 11:57:24.894] [999700000000001|rrc] [warning] Acceptable cell selection failed, no cell is in coverage
ues1-1  | [2026-10-06 11:57:24.894] [999700000000001|rrc] [error] Cell selection failure, no suitable or acceptable cell found
ues1-1  | [2026-10-06 11:57:24.894] [999700000000001|rrc] [debug] New signal detected for cell[6], total [1] cells in coverage
ues1-1  | [2026-10-06 11:57:24.894] [999700000000001|nas] [info] UE switches to state [MM-REGISTERED/PS]
ues1-1  | [2026-10-06 11:57:24.894] [999700000000001|nas] [info] UE switches to state [MM-REGISTERED/PLMN-SEARCH]
ues1-1  | [2026-10-06 11:57:24.894] [999700000000001|nas] [error] PLMN selection failure, no cells in coverage
ues1-1  | [2026-10-06 11:57:24.894] [999700000000003|nas] [info] UE switches to state [MM-REGISTERED/PS]
ues1-1  | [2026-10-06 11:57:24.894] [999700000000003|nas] [info] UE switches to state [MM-REGISTERED/PLMN-SEARCH]
ues1-1  | [2026-10-06 11:57:24.894] [999700000000003|nas] [error] PLMN selection failure, no cells in coverage
ues1-1  | [2026-10-06 11:57:24.894] [999700000000002|rrc] [debug] Signal lost for cell[5], total [0] cells in coverage
ues1-1  | [2026-10-06 11:57:24.894] [999700000000002|nas] [info] UE switches to state [MM-REGISTERED/PS]
ues1-1  | [2026-10-06 11:57:24.894] [999700000000002|nas] [info] UE switches to state [MM-REGISTERED/PLMN-SEARCH]
ues1-1  | [2026-10-06 11:57:24.894] [999700000000002|nas] [error] PLMN selection failure, no cells in coverage
ues1-1  | [2026-10-06 11:57:24.894] [999700000000002|rrc] [debug] New signal detected for cell[6], total [1] cells in coverage
ues1-1  | [2026-10-06 11:57:24.894] [999700000000003|rrc] [warning] Acceptable cell selection failed in [1] cells. [1] no SI, [0] reserved, [0] barred, ftai [0]
ues1-1  | [2026-10-06 11:57:24.894] [999700000000003|rrc] [error] Cell selection failure, no suitable or acceptable cell found
ues1-1  | [2026-10-06 11:57:24.894] [999700000000002|rrc] [warning] Acceptable cell selection failed in [1] cells. [1] no SI, [0] reserved, [0] barred, ftai [0]
ues1-1  | [2026-10-06 11:57:24.895] [999700000000002|rrc] [error] Cell selection failure, no suitable or acceptable cell found
ues1-1  | [2026-10-06 11:57:26.658] [999700000000002|nas] [info] Selected plmn[999/70]
ues1-1  | [2026-10-06 11:57:26.658] [999700000000003|nas] [info] Selected plmn[999/70]
ues1-1  | [2026-10-06 11:57:26.658] [999700000000002|rrc] [info] Selected cell plmn[999/70] tac[1] category[SUITABLE]
ues1-1  | [2026-10-06 11:57:26.658] [999700000000002|nas] [info] UE switches to state [MM-REGISTERED/PS]
ues1-1  | [2026-10-06 11:57:26.658] [999700000000002|nas] [info] UE switches to state [MM-REGISTERED/NORMAL-SERVICE]
ues1-1  | [2026-10-06 11:57:26.658] [999700000000003|rrc] [info] Selected cell plmn[999/70] tac[1] category[SUITABLE]
ues1-1  | [2026-10-06 11:57:26.658] [999700000000001|nas] [info] Selected plmn[999/70]
ues1-1  | [2026-10-06 11:57:26.659] [999700000000003|nas] [info] UE switches to state [MM-REGISTERED/PS]
ues1-1  | [2026-10-06 11:57:26.659] [999700000000003|nas] [info] UE switches to state [MM-REGISTERED/NORMAL-SERVICE]
ues1-1  | [2026-10-06 11:57:26.659] [999700000000001|rrc] [info] Selected cell plmn[999/70] tac[1] category[SUITABLE]
ues1-1  | [2026-10-06 11:57:26.659] [999700000000001|nas] [info] UE switches to state [MM-REGISTERED/PS]
ues1-1  | [2026-10-06 11:57:26.659] [999700000000001|nas] [info] UE switches to state [MM-REGISTERED/NORMAL-SERVICE]
ues1-1  | [2026-10-06 12:03:31.514] [999700000000003|rrc] [debug] Signal lost for cell[6], total [0] cells in coverage
ues1-1  | [2026-10-06 12:03:31.515] [999700000000002|rrc] [debug] Signal lost for cell[6], total [0] cells in coverage
ues1-1  | [2026-10-06 12:03:31.515] [999700000000002|rrc] [debug] New signal detected for cell[7], total [1] cells in coverage
ues1-1  | [2026-10-06 12:03:31.515] [999700000000001|rrc] [debug] Signal lost for cell[6], total [0] cells in coverage
ues1-1  | [2026-10-06 12:03:31.515] [999700000000003|rrc] [debug] New signal detected for cell[7], total [1] cells in coverage
ues1-1  | [2026-10-06 12:03:31.515] [999700000000001|nas] [info] UE switches to state [MM-REGISTERED/PS]
ues1-1  | [2026-10-06 12:03:31.515] [999700000000002|nas] [info] UE switches to state [MM-REGISTERED/PS]
ues1-1  | [2026-10-06 12:03:31.515] [999700000000002|nas] [info] UE switches to state [MM-REGISTERED/PLMN-SEARCH]
ues1-1  | [2026-10-06 12:03:31.515] [999700000000003|nas] [info] UE switches to state [MM-REGISTERED/PS]
ues1-1  | [2026-10-06 12:03:31.515] [999700000000001|nas] [info] UE switches to state [MM-REGISTERED/PLMN-SEARCH]
ues1-1  | [2026-10-06 12:03:31.515] [999700000000003|nas] [info] UE switches to state [MM-REGISTERED/PLMN-SEARCH]
ues1-1  | [2026-10-06 12:03:31.515] [999700000000001|nas] [error] PLMN selection failure, no cells in coverage
ues1-1  | [2026-10-06 12:03:31.515] [999700000000002|rrc] [warning] Suitable cell selection failed in [1] cells. [0] out of PLMN, [1] no SI, [0] reserved, [0] barred, ftai [0]
ues1-1  | [2026-10-06 12:03:31.515] [999700000000002|rrc] [warning] Acceptable cell selection failed in [1] cells. [1] no SI, [0] reserved, [0] barred, ftai [0]
ues1-1  | [2026-10-06 12:03:31.515] [999700000000002|rrc] [error] Cell selection failure, no suitable or acceptable cell found
ues1-1  | [2026-10-06 12:03:31.515] [999700000000003|rrc] [warning] Suitable cell selection failed in [1] cells. [0] out of PLMN, [1] no SI, [0] reserved, [0] barred, ftai [0]
ues1-1  | [2026-10-06 12:03:31.515] [999700000000003|rrc] [warning] Acceptable cell selection failed in [1] cells. [1] no SI, [0] reserved, [0] barred, ftai [0]
ues1-1  | [2026-10-06 12:03:31.515] [999700000000003|rrc] [error] Cell selection failure, no suitable or acceptable cell found
ues1-1  | [2026-10-06 12:03:31.515] [999700000000001|rrc] [warning] Acceptable cell selection failed, no cell is in coverage
ues1-1  | [2026-10-06 12:03:31.515] [999700000000001|rrc] [error] Cell selection failure, no suitable or acceptable cell found
ues1-1  | [2026-10-06 12:03:31.515] [999700000000002|nas] [error] PLMN selection failure, no cells in coverage
ues1-1  | [2026-10-06 12:03:31.515] [999700000000001|rrc] [debug] New signal detected for cell[7], total [1] cells in coverage
ues1-1  | [2026-10-06 12:03:31.515] [999700000000003|nas] [error] PLMN selection failure, no cells in coverage
ues1-1  | [2026-10-06 12:03:33.717] [999700000000001|nas] [error] PLMN selection failure, no cells in coverage
ues1-1  | [2026-10-06 12:03:33.717] [999700000000002|nas] [error] PLMN selection failure, no cells in coverage
ues1-1  | [2026-10-06 12:03:33.717] [999700000000003|nas] [error] PLMN selection failure, no cells in coverage
ues1-1  | [2026-10-06 12:03:35.919] [999700000000003|nas] [error] PLMN selection failure, no cells in coverage
ues1-1  | [2026-10-06 12:03:35.919] [999700000000002|nas] [error] PLMN selection failure, no cells in coverage
ues1-1  | [2026-10-06 12:03:35.919] [999700000000001|nas] [error] PLMN selection failure, no cells in coverage
ues1-1  | [2026-10-06 12:03:36.693] [999700000000001|nas] [info] UE switches to state [MM-REGISTERED/NO-CELL-AVAILABLE]
ues1-1  | [2026-10-06 12:03:36.694] [999700000000001|nas] [info] Selected plmn[999/70]
ues1-1  | [2026-10-06 12:03:36.693] [999700000000003|nas] [info] UE switches to state [MM-REGISTERED/NO-CELL-AVAILABLE]
ues1-1  | [2026-10-06 12:03:36.694] [999700000000001|rrc] [info] Selected cell plmn[999/70] tac[1] category[SUITABLE]
ues1-1  | [2026-10-06 12:03:36.694] [999700000000003|nas] [info] Selected plmn[999/70]
ues1-1  | [2026-10-06 12:03:36.693] [999700000000002|nas] [info] UE switches to state [MM-REGISTERED/NO-CELL-AVAILABLE]
ues1-1  | [2026-10-06 12:03:36.694] [999700000000001|nas] [info] UE switches to state [MM-REGISTERED/PS]
ues1-1  | [2026-10-06 12:03:36.694] [999700000000002|nas] [info] Selected plmn[999/70]
ues1-1  | [2026-10-06 12:03:36.694] [999700000000001|nas] [info] UE switches to state [MM-REGISTERED/NORMAL-SERVICE]
ues1-1  | [2026-10-06 12:03:36.694] [999700000000003|rrc] [info] Selected cell plmn[999/70] tac[1] category[SUITABLE]
ues1-1  | [2026-10-06 12:03:36.694] [999700000000003|nas] [info] UE switches to state [MM-REGISTERED/PS]
ues1-1  | [2026-10-06 12:03:36.694] [999700000000003|nas] [info] UE switches to state [MM-REGISTERED/NORMAL-SERVICE]
ues1-1  | [2026-10-06 12:03:36.694] [999700000000002|rrc] [info] Selected cell plmn[999/70] tac[1] category[SUITABLE]
ues1-1  | [2026-10-06 12:03:36.694] [999700000000002|nas] [info] UE switches to state [MM-REGISTERED/PS]
ues1-1  | [2026-10-06 12:03:36.694] [999700000000002|nas] [info] UE switches to state [MM-REGISTERED/NORMAL-SERVICE]
ues1-1  | [2026-10-06 12:05:11.712] [999700000000001|rrc] [debug] Signal lost for cell[7], total [0] cells in coverage
ues1-1  | [2026-10-06 12:05:11.712] [999700000000001|nas] [info] UE switches to state [MM-REGISTERED/PS]
ues1-1  | [2026-10-06 12:05:11.712] [999700000000001|nas] [info] UE switches to state [MM-REGISTERED/PLMN-SEARCH]
ues1-1  | [2026-10-06 12:05:11.712] [999700000000001|nas] [error] PLMN selection failure, no cells in coverage
ues1-1  | [2026-10-06 12:05:11.713] [999700000000001|rrc] [debug] New signal detected for cell[8], total [1] cells in coverage
ues1-1  | [2026-10-06 12:05:11.713] [999700000000002|rrc] [debug] Signal lost for cell[7], total [0] cells in coverage
ues1-1  | [2026-10-06 12:05:11.713] [999700000000001|rrc] [warning] Acceptable cell selection failed in [1] cells. [1] no SI, [0] reserved, [0] barred, ftai [0]
ues1-1  | [2026-10-06 12:05:11.713] [999700000000001|rrc] [error] Cell selection failure, no suitable or acceptable cell found
ues1-1  | [2026-10-06 12:05:11.713] [999700000000002|nas] [info] UE switches to state [MM-REGISTERED/PS]
ues1-1  | [2026-10-06 12:05:11.713] [999700000000002|nas] [info] UE switches to state [MM-REGISTERED/PLMN-SEARCH]
ues1-1  | [2026-10-06 12:05:11.713] [999700000000002|nas] [error] PLMN selection failure, no cells in coverage
ues1-1  | [2026-10-06 12:05:11.713] [999700000000002|rrc] [debug] New signal detected for cell[8], total [1] cells in coverage
ues1-1  | [2026-10-06 12:05:11.714] [999700000000003|rrc] [debug] Signal lost for cell[7], total [0] cells in coverage
ues1-1  | [2026-10-06 12:05:11.714] [999700000000003|nas] [info] UE switches to state [MM-REGISTERED/PS]
ues1-1  | [2026-10-06 12:05:11.714] [999700000000003|rrc] [debug] New signal detected for cell[8], total [1] cells in coverage
ues1-1  | [2026-10-06 12:05:11.714] [999700000000003|nas] [info] UE switches to state [MM-REGISTERED/PLMN-SEARCH]
ues1-1  | [2026-10-06 12:05:11.714] [999700000000003|nas] [error] PLMN selection failure, no cells in coverage
ues1-1  | [2026-10-06 12:05:11.714] [999700000000002|rrc] [warning] Acceptable cell selection failed in [1] cells. [1] no SI, [0] reserved, [0] barred, ftai [0]
ues1-1  | [2026-10-06 12:05:11.714] [999700000000002|rrc] [error] Cell selection failure, no suitable or acceptable cell found
ues1-1  | [2026-10-06 12:05:11.714] [999700000000003|rrc] [warning] Acceptable cell selection failed in [1] cells. [1] no SI, [0] reserved, [0] barred, ftai [0]
ues1-1  | [2026-10-06 12:05:11.714] [999700000000003|rrc] [error] Cell selection failure, no suitable or acceptable cell found
ues1-1  | [2026-10-06 12:05:13.915] [999700000000002|nas] [error] PLMN selection failure, no cells in coverage
ues1-1  | [2026-10-06 12:05:13.915] [999700000000001|nas] [error] PLMN selection failure, no cells in coverage
ues1-1  | [2026-10-06 12:05:13.916] [999700000000003|nas] [error] PLMN selection failure, no cells in coverage
ues1-1  | [2026-10-06 12:05:16.117] [999700000000002|nas] [error] PLMN selection failure, no cells in coverage
ues1-1  | [2026-10-06 12:05:16.117] [999700000000001|nas] [error] PLMN selection failure, no cells in coverage
ues1-1  | [2026-10-06 12:05:16.118] [999700000000003|nas] [error] PLMN selection failure, no cells in coverage
ues1-1  | [2026-10-06 12:05:16.704] [999700000000003|nas] [info] Selected plmn[999/70]
ues1-1  | [2026-10-06 12:05:16.704] [999700000000003|rrc] [info] Selected cell plmn[999/70] tac[1] category[SUITABLE]
ues1-1  | [2026-10-06 12:05:16.704] [999700000000001|nas] [info] Selected plmn[999/70]
ues1-1  | [2026-10-06 12:05:16.705] [999700000000003|nas] [info] UE switches to state [MM-REGISTERED/PS]
ues1-1  | [2026-10-06 12:05:16.705] [999700000000003|nas] [info] UE switches to state [MM-REGISTERED/NORMAL-SERVICE]
ues1-1  | [2026-10-06 12:05:16.705] [999700000000001|rrc] [info] Selected cell plmn[999/70] tac[1] category[SUITABLE]
ues1-1  | [2026-10-06 12:05:16.705] [999700000000001|nas] [info] UE switches to state [MM-REGISTERED/PS]
ues1-1  | [2026-10-06 12:05:16.705] [999700000000001|nas] [info] UE switches to state [MM-REGISTERED/NORMAL-SERVICE]
ues1-1  | [2026-10-06 12:05:16.704] [999700000000002|nas] [info] Selected plmn[999/70]
ues1-1  | [2026-10-06 12:05:16.705] [999700000000002|rrc] [info] Selected cell plmn[999/70] tac[1] category[SUITABLE]
ues1-1  | [2026-10-06 12:05:16.706] [999700000000002|nas] [info] UE switches to state [MM-REGISTERED/PS]
ues1-1  | [2026-10-06 12:05:16.706] [999700000000002|nas] [info] UE switches to state [MM-REGISTERED/NORMAL-SERVICE]
ues1-1  | [2026-10-06 12:06:18.577] [999700000000002|rrc] [debug] Signal lost for cell[8], total [0] cells in coverage
ues1-1  | [2026-10-06 12:06:18.577] [999700000000001|rrc] [debug] Signal lost for cell[8], total [0] cells in coverage
ues1-1  | [2026-10-06 12:06:18.577] [999700000000003|rrc] [debug] Signal lost for cell[8], total [0] cells in coverage
ues1-1  | [2026-10-06 12:06:18.577] [999700000000002|rrc] [debug] New signal detected for cell[9], total [1] cells in coverage
ues1-1  | [2026-10-06 12:06:18.577] [999700000000001|nas] [info] UE switches to state [MM-REGISTERED/PS]
ues1-1  | [2026-10-06 12:06:18.577] [999700000000001|nas] [info] UE switches to state [MM-REGISTERED/PLMN-SEARCH]
ues1-1  | [2026-10-06 12:06:18.577] [999700000000001|nas] [error] PLMN selection failure, no cells in coverage
ues1-1  | [2026-10-06 12:06:18.577] [999700000000003|nas] [info] UE switches to state [MM-REGISTERED/PS]
ues1-1  | [2026-10-06 12:06:18.577] [999700000000003|nas] [info] UE switches to state [MM-REGISTERED/PLMN-SEARCH]
ues1-1  | [2026-10-06 12:06:18.577] [999700000000003|nas] [error] PLMN selection failure, no cells in coverage
ues1-1  | [2026-10-06 12:06:18.577] [999700000000001|rrc] [warning] Acceptable cell selection failed, no cell is in coverage
ues1-1  | [2026-10-06 12:06:18.577] [999700000000001|rrc] [error] Cell selection failure, no suitable or acceptable cell found
ues1-1  | [2026-10-06 12:06:18.577] [999700000000003|rrc] [debug] New signal detected for cell[9], total [1] cells in coverage
ues1-1  | [2026-10-06 12:06:18.578] [999700000000001|rrc] [debug] New signal detected for cell[9], total [1] cells in coverage
ues1-1  | [2026-10-06 12:06:18.577] [999700000000002|rrc] [warning] Suitable cell selection failed in [1] cells. [0] out of PLMN, [1] no SI, [0] reserved, [0] barred, ftai [0]
ues1-1  | [2026-10-06 12:06:18.578] [999700000000002|rrc] [warning] Acceptable cell selection failed in [1] cells. [1] no SI, [0] reserved, [0] barred, ftai [0]
ues1-1  | [2026-10-06 12:06:18.578] [999700000000002|rrc] [error] Cell selection failure, no suitable or acceptable cell found
ues1-1  | [2026-10-06 12:06:18.577] [999700000000002|nas] [info] UE switches to state [MM-REGISTERED/PS]
ues1-1  | [2026-10-06 12:06:18.578] [999700000000002|nas] [info] UE switches to state [MM-REGISTERED/PLMN-SEARCH]
ues1-1  | [2026-10-06 12:06:18.578] [999700000000002|nas] [error] PLMN selection failure, no cells in coverage
ues1-1  | [2026-10-06 12:06:18.578] [999700000000003|rrc] [warning] Acceptable cell selection failed in [1] cells. [1] no SI, [0] reserved, [0] barred, ftai [0]
ues1-1  | [2026-10-06 12:06:18.578] [999700000000003|rrc] [error] Cell selection failure, no suitable or acceptable cell found
ues1-1  | [2026-10-06 12:06:20.666] [999700000000002|nas] [error] PLMN selection failure, no cells in coverage
ues1-1  | [2026-10-06 12:06:20.666] [999700000000001|nas] [error] PLMN selection failure, no cells in coverage
ues1-1  | [2026-10-06 12:06:20.667] [999700000000003|nas] [error] PLMN selection failure, no cells in coverage
ues1-1  | [2026-10-06 12:06:22.868] [999700000000001|nas] [error] PLMN selection failure, no cells in coverage
ues1-1  | [2026-10-06 12:06:22.868] [999700000000002|nas] [error] PLMN selection failure, no cells in coverage
ues1-1  | [2026-10-06 12:06:22.869] [999700000000003|nas] [error] PLMN selection failure, no cells in coverage
ues1-1  | [2026-10-06 12:06:23.969] [999700000000002|nas] [info] UE switches to state [MM-REGISTERED/NO-CELL-AVAILABLE]
ues1-1  | [2026-10-06 12:06:23.969] [999700000000001|nas] [info] UE switches to state [MM-REGISTERED/NO-CELL-AVAILABLE]
ues1-1  | [2026-10-06 12:06:23.970] [999700000000003|nas] [info] UE switches to state [MM-REGISTERED/NO-CELL-AVAILABLE]
ues1-1  | [2026-10-06 12:06:26.711] [999700000000003|nas] [info] Selected plmn[999/70]
ues1-1  | [2026-10-06 12:06:26.711] [999700000000003|rrc] [info] Selected cell plmn[999/70] tac[1] category[SUITABLE]
ues1-1  | [2026-10-06 12:06:26.711] [999700000000002|nas] [info] Selected plmn[999/70]
ues1-1  | [2026-10-06 12:06:26.711] [999700000000003|nas] [info] UE switches to state [MM-REGISTERED/PS]
ues1-1  | [2026-10-06 12:06:26.711] [999700000000003|nas] [info] UE switches to state [MM-REGISTERED/NORMAL-SERVICE]
ues1-1  | [2026-10-06 12:06:26.711] [999700000000001|nas] [info] Selected plmn[999/70]
ues1-1  | [2026-10-06 12:06:26.712] [999700000000002|rrc] [info] Selected cell plmn[999/70] tac[1] category[SUITABLE]
ues1-1  | [2026-10-06 12:06:26.712] [999700000000001|rrc] [info] Selected cell plmn[999/70] tac[1] category[SUITABLE]
ues1-1  | [2026-10-06 12:06:26.712] [999700000000002|nas] [info] UE switches to state [MM-REGISTERED/PS]
ues1-1  | [2026-10-06 12:06:26.712] [999700000000002|nas] [info] UE switches to state [MM-REGISTERED/NORMAL-SERVICE]
ues1-1  | [2026-10-06 12:06:26.712] [999700000000001|nas] [info] UE switches to state [MM-REGISTERED/PS]
ues1-1  | [2026-10-06 12:06:26.712] [999700000000001|nas] [info] UE switches to state [MM-REGISTERED/NORMAL-SERVICE]
ues1-1  | [2026-10-06 12:17:26.061] [999700000000001|rrc] [debug] Signal lost for cell[9], total [0] cells in coverage
ues1-1  | [2026-10-06 12:17:26.061] [999700000000003|rrc] [debug] Signal lost for cell[9], total [0] cells in coverage
ues1-1  | [2026-10-06 12:17:26.061] [999700000000001|nas] [info] UE switches to state [MM-REGISTERED/PS]
ues1-1  | [2026-10-06 12:17:26.061] [999700000000001|nas] [info] UE switches to state [MM-REGISTERED/PLMN-SEARCH]
ues1-1  | [2026-10-06 12:17:26.061] [999700000000001|nas] [error] PLMN selection failure, no cells in coverage
ues1-1  | [2026-10-06 12:17:26.061] [999700000000001|rrc] [warning] Acceptable cell selection failed, no cell is in coverage
ues1-1  | [2026-10-06 12:17:26.061] [999700000000001|rrc] [error] Cell selection failure, no suitable or acceptable cell found
ues1-1  | [2026-10-06 12:17:26.061] [999700000000003|nas] [info] UE switches to state [MM-REGISTERED/PS]
ues1-1  | [2026-10-06 12:17:26.061] [999700000000003|nas] [info] UE switches to state [MM-REGISTERED/PLMN-SEARCH]
ues1-1  | [2026-10-06 12:17:26.061] [999700000000003|nas] [error] PLMN selection failure, no cells in coverage
ues1-1  | [2026-10-06 12:17:26.061] [999700000000003|rrc] [warning] Acceptable cell selection failed, no cell is in coverage
ues1-1  | [2026-10-06 12:17:26.061] [999700000000003|rrc] [error] Cell selection failure, no suitable or acceptable cell found
ues1-1  | [2026-10-06 12:17:26.061] [999700000000001|rrc] [debug] New signal detected for cell[10], total [1] cells in coverage
ues1-1  | [2026-10-06 12:17:26.061] [999700000000003|rrc] [debug] New signal detected for cell[10], total [1] cells in coverage
ues1-1  | [2026-10-06 12:17:26.062] [999700000000002|rrc] [debug] Signal lost for cell[9], total [0] cells in coverage
ues1-1  | [2026-10-06 12:17:26.063] [999700000000002|rrc] [debug] New signal detected for cell[10], total [1] cells in coverage
ues1-1  | [2026-10-06 12:17:26.063] [999700000000002|nas] [info] UE switches to state [MM-REGISTERED/PS]
ues1-1  | [2026-10-06 12:17:26.063] [999700000000002|nas] [info] UE switches to state [MM-REGISTERED/PLMN-SEARCH]
ues1-1  | [2026-10-06 12:17:26.063] [999700000000002|nas] [error] PLMN selection failure, no cells in coverage
ues1-1  | [2026-10-06 12:17:26.063] [999700000000002|rrc] [warning] Acceptable cell selection failed in [1] cells. [1] no SI, [0] reserved, [0] barred, ftai [0]
ues1-1  | [2026-10-06 12:17:26.063] [999700000000002|rrc] [error] Cell selection failure, no suitable or acceptable cell found
ues1-1  | [2026-10-06 12:17:26.776] [999700000000002|nas] [info] Selected plmn[999/70]
ues1-1  | [2026-10-06 12:17:26.776] [999700000000003|nas] [info] Selected plmn[999/70]
ues1-1  | [2026-10-06 12:17:26.776] [999700000000001|nas] [info] Selected plmn[999/70]
ues1-1  | [2026-10-06 12:17:26.776] [999700000000002|rrc] [info] Selected cell plmn[999/70] tac[1] category[SUITABLE]
ues1-1  | [2026-10-06 12:17:26.776] [999700000000003|rrc] [info] Selected cell plmn[999/70] tac[1] category[SUITABLE]
ues1-1  | [2026-10-06 12:17:26.776] [999700000000001|rrc] [info] Selected cell plmn[999/70] tac[1] category[SUITABLE]
ues1-1  | [2026-10-06 12:17:26.777] [999700000000003|nas] [info] UE switches to state [MM-REGISTERED/PS]
ues1-1  | [2026-10-06 12:17:26.777] [999700000000001|nas] [info] UE switches to state [MM-REGISTERED/PS]
ues1-1  | [2026-10-06 12:17:26.777] [999700000000001|nas] [info] UE switches to state [MM-REGISTERED/NORMAL-SERVICE]
ues1-1  | [2026-10-06 12:17:26.777] [999700000000003|nas] [info] UE switches to state [MM-REGISTERED/NORMAL-SERVICE]
ues1-1  | [2026-10-06 12:17:26.777] [999700000000002|nas] [info] UE switches to state [MM-REGISTERED/PS]
ues1-1  | [2026-10-06 12:17:26.777] [999700000000002|nas] [info] UE switches to state [MM-REGISTERED/NORMAL-SERVICE]
ues1-1  | [2026-10-06 12:19:06.069] [999700000000001|rrc] [debug] Signal lost for cell[10], total [0] cells in coverage
ues1-1  | [2026-10-06 12:19:06.069] [999700000000001|nas] [info] UE switches to state [MM-REGISTERED/PS]
ues1-1  | [2026-10-06 12:19:06.069] [999700000000001|nas] [info] UE switches to state [MM-REGISTERED/PLMN-SEARCH]
ues1-1  | [2026-10-06 12:19:06.069] [999700000000001|nas] [error] PLMN selection failure, no cells in coverage
ues1-1  | [2026-10-06 12:19:06.070] [999700000000001|rrc] [warning] Acceptable cell selection failed, no cell is in coverage
ues1-1  | [2026-10-06 12:19:06.070] [999700000000001|rrc] [error] Cell selection failure, no suitable or acceptable cell found
ues1-1  | [2026-10-06 12:19:06.070] [999700000000001|rrc] [debug] New signal detected for cell[11], total [1] cells in coverage
ues1-1  | [2026-10-06 12:19:06.071] [999700000000002|rrc] [debug] Signal lost for cell[10], total [0] cells in coverage
ues1-1  | [2026-10-06 12:19:06.071] [999700000000002|nas] [info] UE switches to state [MM-REGISTERED/PS]
ues1-1  | [2026-10-06 12:19:06.071] [999700000000002|nas] [info] UE switches to state [MM-REGISTERED/PLMN-SEARCH]
ues1-1  | [2026-10-06 12:19:06.071] [999700000000002|nas] [error] PLMN selection failure, no cells in coverage
ues1-1  | [2026-10-06 12:19:06.071] [999700000000002|rrc] [warning] Acceptable cell selection failed, no cell is in coverage
ues1-1  | [2026-10-06 12:19:06.071] [999700000000002|rrc] [error] Cell selection failure, no suitable or acceptable cell found
ues1-1  | [2026-10-06 12:19:06.071] [999700000000002|rrc] [debug] New signal detected for cell[11], total [1] cells in coverage
ues1-1  | [2026-10-06 12:19:06.787] [999700000000002|nas] [info] Selected plmn[999/70]
ues1-1  | [2026-10-06 12:19:06.787] [999700000000001|nas] [info] Selected plmn[999/70]
ues1-1  | [2026-10-06 12:19:06.787] [999700000000002|rrc] [info] Selected cell plmn[999/70] tac[1] category[SUITABLE]
ues1-1  | [2026-10-06 12:19:06.787] [999700000000001|rrc] [info] Selected cell plmn[999/70] tac[1] category[SUITABLE]
ues1-1  | [2026-10-06 12:19:06.787] [999700000000002|nas] [info] UE switches to state [MM-REGISTERED/PS]
ues1-1  | [2026-10-06 12:19:06.787] [999700000000002|nas] [info] UE switches to state [MM-REGISTERED/NORMAL-SERVICE]
ues1-1  | [2026-10-06 12:19:06.787] [999700000000001|nas] [info] UE switches to state [MM-REGISTERED/PS]
ues1-1  | [2026-10-06 12:19:06.787] [999700000000001|nas] [info] UE switches to state [MM-REGISTERED/NORMAL-SERVICE]
ues1-1  | [2026-10-06 12:33:34.374] [999700000000001|rrc] [debug] Signal lost for cell[11], total [0] cells in coverage
ues1-1  | [2026-10-06 12:33:34.374] [999700000000001|nas] [info] UE switches to state [MM-REGISTERED/PS]
ues1-1  | [2026-10-06 12:33:34.374] [999700000000001|nas] [info] UE switches to state [MM-REGISTERED/PLMN-SEARCH]
ues1-1  | [2026-10-06 12:33:34.374] [999700000000001|nas] [error] PLMN selection failure, no cells in coverage
ues1-1  | [2026-10-06 12:33:34.374] [999700000000001|rrc] [debug] New signal detected for cell[12], total [1] cells in coverage
ues1-1  | [2026-10-06 12:33:34.374] [999700000000003|rrc] [debug] Signal lost for cell[10], total [0] cells in coverage
ues1-1  | [2026-10-06 12:33:34.374] [999700000000001|rrc] [warning] Acceptable cell selection failed in [1] cells. [1] no SI, [0] reserved, [0] barred, ftai [0]
ues1-1  | [2026-10-06 12:33:34.374] [999700000000001|rrc] [error] Cell selection failure, no suitable or acceptable cell found
ues1-1  | [2026-10-06 12:33:34.374] [999700000000003|nas] [info] UE switches to state [MM-REGISTERED/PS]
ues1-1  | [2026-10-06 12:33:34.374] [999700000000003|nas] [info] UE switches to state [MM-REGISTERED/PLMN-SEARCH]
ues1-1  | [2026-10-06 12:33:34.374] [999700000000003|nas] [error] PLMN selection failure, no cells in coverage
ues1-1  | [2026-10-06 12:33:34.374] [999700000000003|rrc] [debug] New signal detected for cell[11], total [1] cells in coverage
ues1-1  | [2026-10-06 12:33:34.375] [999700000000003|rrc] [warning] Acceptable cell selection failed in [1] cells. [1] no SI, [0] reserved, [0] barred, ftai [0]
ues1-1  | [2026-10-06 12:33:34.375] [999700000000003|rrc] [error] Cell selection failure, no suitable or acceptable cell found
ues1-1  | [2026-10-06 12:33:34.375] [999700000000002|rrc] [debug] Signal lost for cell[11], total [0] cells in coverage
ues1-1  | [2026-10-06 12:33:34.375] [999700000000002|nas] [info] UE switches to state [MM-REGISTERED/PS]
ues1-1  | [2026-10-06 12:33:34.375] [999700000000002|nas] [info] UE switches to state [MM-REGISTERED/PLMN-SEARCH]
ues1-1  | [2026-10-06 12:33:34.375] [999700000000002|nas] [error] PLMN selection failure, no cells in coverage
ues1-1  | [2026-10-06 12:33:34.375] [999700000000002|rrc] [debug] New signal detected for cell[12], total [1] cells in coverage
ues1-1  | [2026-10-06 12:33:34.375] [999700000000002|rrc] [warning] Acceptable cell selection failed in [1] cells. [1] no SI, [0] reserved, [0] barred, ftai [0]
ues1-1  | [2026-10-06 12:33:34.375] [999700000000002|rrc] [error] Cell selection failure, no suitable or acceptable cell found
ues1-1  | [2026-10-06 12:33:36.576] [999700000000003|nas] [error] PLMN selection failure, no cells in coverage
ues1-1  | [2026-10-06 12:33:36.576] [999700000000001|nas] [error] PLMN selection failure, no cells in coverage
ues1-1  | [2026-10-06 12:33:36.577] [999700000000002|nas] [error] PLMN selection failure, no cells in coverage
ues1-1  | [2026-10-06 12:33:37.620] [999700000000003|nas] [info] Selected plmn[999/70]
ues1-1  | [2026-10-06 12:33:37.620] [999700000000001|nas] [info] Selected plmn[999/70]
ues1-1  | [2026-10-06 12:33:37.620] [999700000000003|rrc] [info] Selected cell plmn[999/70] tac[1] category[SUITABLE]
ues1-1  | [2026-10-06 12:33:37.620] [999700000000002|nas] [info] Selected plmn[999/70]
ues1-1  | [2026-10-06 12:33:37.620] [999700000000003|nas] [info] UE switches to state [MM-REGISTERED/PS]
ues1-1  | [2026-10-06 12:33:37.620] [999700000000003|nas] [info] UE switches to state [MM-REGISTERED/NORMAL-SERVICE]
ues1-1  | [2026-10-06 12:33:37.620] [999700000000001|rrc] [info] Selected cell plmn[999/70] tac[1] category[SUITABLE]
ues1-1  | [2026-10-06 12:33:37.620] [999700000000002|rrc] [info] Selected cell plmn[999/70] tac[1] category[SUITABLE]
ues1-1  | [2026-10-06 12:33:37.620] [999700000000002|nas] [info] UE switches to state [MM-REGISTERED/PS]
ues1-1  | [2026-10-06 12:33:37.620] [999700000000002|nas] [info] UE switches to state [MM-REGISTERED/NORMAL-SERVICE]
ues1-1  | [2026-10-06 12:33:37.620] [999700000000001|nas] [info] UE switches to state [MM-REGISTERED/PS]
ues1-1  | [2026-10-06 12:33:37.620] [999700000000001|nas] [info] UE switches to state [MM-REGISTERED/NORMAL-SERVICE]
ues1-1  | [2026-10-06 12:35:48.116] [999700000000003|rrc] [debug] Signal lost for cell[11], total [0] cells in coverage
ues1-1  | [2026-10-06 12:35:48.116] [999700000000001|rrc] [debug] Signal lost for cell[12], total [0] cells in coverage
ues1-1  | [2026-10-06 12:35:48.116] [999700000000003|rrc] [debug] New signal detected for cell[12], total [1] cells in coverage
ues1-1  | [2026-10-06 12:35:48.116] [999700000000003|nas] [info] UE switches to state [MM-REGISTERED/PS]
ues1-1  | [2026-10-06 12:35:48.116] [999700000000003|nas] [info] UE switches to state [MM-REGISTERED/PLMN-SEARCH]
ues1-1  | [2026-10-06 12:35:48.116] [999700000000001|rrc] [debug] New signal detected for cell[13], total [1] cells in coverage
ues1-1  | [2026-10-06 12:35:48.116] [999700000000001|nas] [info] UE switches to state [MM-REGISTERED/PS]
ues1-1  | [2026-10-06 12:35:48.116] [999700000000001|nas] [info] UE switches to state [MM-REGISTERED/PLMN-SEARCH]
ues1-1  | [2026-10-06 12:35:48.116] [999700000000001|nas] [error] PLMN selection failure, no cells in coverage
ues1-1  | [2026-10-06 12:35:48.116] [999700000000003|rrc] [warning] Suitable cell selection failed in [1] cells. [0] out of PLMN, [1] no SI, [0] reserved, [0] barred, ftai [0]
ues1-1  | [2026-10-06 12:35:48.116] [999700000000003|nas] [error] PLMN selection failure, no cells in coverage
ues1-1  | [2026-10-06 12:35:48.116] [999700000000003|rrc] [warning] Acceptable cell selection failed in [1] cells. [1] no SI, [0] reserved, [0] barred, ftai [0]
ues1-1  | [2026-10-06 12:35:48.116] [999700000000003|rrc] [error] Cell selection failure, no suitable or acceptable cell found
ues1-1  | [2026-10-06 12:35:48.116] [999700000000001|rrc] [warning] Acceptable cell selection failed in [1] cells. [1] no SI, [0] reserved, [0] barred, ftai [0]
ues1-1  | [2026-10-06 12:35:48.116] [999700000000001|rrc] [error] Cell selection failure, no suitable or acceptable cell found
ues1-1  | [2026-10-06 12:35:48.118] [999700000000002|rrc] [debug] Signal lost for cell[12], total [0] cells in coverage
ues1-1  | [2026-10-06 12:35:48.118] [999700000000002|nas] [info] UE switches to state [MM-REGISTERED/PS]
ues1-1  | [2026-10-06 12:35:48.118] [999700000000002|nas] [info] UE switches to state [MM-REGISTERED/PLMN-SEARCH]
ues1-1  | [2026-10-06 12:35:48.118] [999700000000002|nas] [error] PLMN selection failure, no cells in coverage
ues1-1  | [2026-10-06 12:35:48.118] [999700000000002|rrc] [debug] New signal detected for cell[13], total [1] cells in coverage
ues1-1  | [2026-10-06 12:35:48.118] [999700000000002|rrc] [warning] Acceptable cell selection failed in [1] cells. [1] no SI, [0] reserved, [0] barred, ftai [0]
ues1-1  | [2026-10-06 12:35:48.118] [999700000000002|rrc] [error] Cell selection failure, no suitable or acceptable cell found
ues1-1  | [2026-10-06 12:35:48.406] [999700000000002|nas] [info] Selected plmn[999/70]
ues1-1  | [2026-10-06 12:35:48.406] [999700000000003|nas] [info] Selected plmn[999/70]
ues1-1  | [2026-10-06 12:35:48.406] [999700000000002|rrc] [info] Selected cell plmn[999/70] tac[1] category[SUITABLE]
ues1-1  | [2026-10-06 12:35:48.406] [999700000000001|nas] [info] Selected plmn[999/70]
ues1-1  | [2026-10-06 12:35:48.406] [999700000000003|rrc] [info] Selected cell plmn[999/70] tac[1] category[SUITABLE]
ues1-1  | [2026-10-06 12:35:48.406] [999700000000002|nas] [info] UE switches to state [MM-REGISTERED/PS]
ues1-1  | [2026-10-06 12:35:48.406] [999700000000002|nas] [info] UE switches to state [MM-REGISTERED/NORMAL-SERVICE]
ues1-1  | [2026-10-06 12:35:48.406] [999700000000003|nas] [info] UE switches to state [MM-REGISTERED/PS]
ues1-1  | [2026-10-06 12:35:48.406] [999700000000003|nas] [info] UE switches to state [MM-REGISTERED/NORMAL-SERVICE]
ues1-1  | [2026-10-06 12:35:48.406] [999700000000001|rrc] [info] Selected cell plmn[999/70] tac[1] category[SUITABLE]
ues1-1  | [2026-10-06 12:35:48.406] [999700000000001|nas] [info] UE switches to state [MM-REGISTERED/PS]
ues1-1  | [2026-10-06 12:35:48.406] [999700000000001|nas] [info] UE switches to state [MM-REGISTERED/NORMAL-SERVICE]
ues1-1  | [2026-10-06 12:38:01.366] [999700000000001|rrc] [debug] Signal lost for cell[13], total [0] cells in coverage
ues1-1  | [2026-10-06 12:38:01.366] [999700000000001|nas] [info] UE switches to state [MM-REGISTERED/PS]
ues1-1  | [2026-10-06 12:38:01.366] [999700000000001|nas] [info] UE switches to state [MM-REGISTERED/PLMN-SEARCH]
ues1-1  | [2026-10-06 12:38:01.366] [999700000000001|nas] [error] PLMN selection failure, no cells in coverage
ues1-1  | [2026-10-06 12:38:01.366] [999700000000001|rrc] [debug] New signal detected for cell[14], total [1] cells in coverage
ues1-1  | [2026-10-06 12:38:01.366] [999700000000001|rrc] [warning] Acceptable cell selection failed in [1] cells. [1] no SI, [0] reserved, [0] barred, ftai [0]
ues1-1  | [2026-10-06 12:38:01.366] [999700000000001|rrc] [error] Cell selection failure, no suitable or acceptable cell found
ues1-1  | [2026-10-06 12:38:03.569] [999700000000001|nas] [error] PLMN selection failure, no cells in coverage
ues1-1  | [2026-10-06 12:38:05.771] [999700000000001|nas] [error] PLMN selection failure, no cells in coverage
ues1-1  | [2026-10-06 12:38:06.872] [999700000000001|nas] [info] UE switches to state [MM-REGISTERED/NO-CELL-AVAILABLE]
ues1-1  | [2026-10-06 12:38:08.420] [999700000000001|nas] [info] Selected plmn[999/70]
ues1-1  | [2026-10-06 12:38:08.420] [999700000000001|rrc] [info] Selected cell plmn[999/70] tac[1] category[SUITABLE]
ues1-1  | [2026-10-06 12:38:08.420] [999700000000001|nas] [info] UE switches to state [MM-REGISTERED/PS]
ues1-1  | [2026-10-06 12:38:08.420] [999700000000001|nas] [info] UE switches to state [MM-REGISTERED/NORMAL-SERVICE]
ues1-1  | [2026-10-06 12:39:08.666] [999700000000002|rrc] [debug] Signal lost for cell[13], total [0] cells in coverage
ues1-1  | [2026-10-06 12:39:08.666] [999700000000002|rrc] [debug] New signal detected for cell[14], total [1] cells in coverage
ues1-1  | [2026-10-06 12:39:08.666] [999700000000001|rrc] [debug] Signal lost for cell[14], total [0] cells in coverage
ues1-1  | [2026-10-06 12:39:08.666] [999700000000002|nas] [info] UE switches to state [MM-REGISTERED/PS]
ues1-1  | [2026-10-06 12:39:08.666] [999700000000002|nas] [info] UE switches to state [MM-REGISTERED/PLMN-SEARCH]
ues1-1  | [2026-10-06 12:39:08.666] [999700000000002|nas] [error] PLMN selection failure, no cells in coverage
ues1-1  | [2026-10-06 12:39:08.666] [999700000000001|nas] [info] UE switches to state [MM-REGISTERED/PS]
ues1-1  | [2026-10-06 12:39:08.666] [999700000000001|nas] [info] UE switches to state [MM-REGISTERED/PLMN-SEARCH]
ues1-1  | [2026-10-06 12:39:08.666] [999700000000001|nas] [error] PLMN selection failure, no cells in coverage
ues1-1  | [2026-10-06 12:39:08.666] [999700000000002|rrc] [warning] Acceptable cell selection failed in [1] cells. [1] no SI, [0] reserved, [0] barred, ftai [0]
ues1-1  | [2026-10-06 12:39:08.666] [999700000000002|rrc] [error] Cell selection failure, no suitable or acceptable cell found
ues1-1  | [2026-10-06 12:39:08.666] [999700000000001|rrc] [debug] New signal detected for cell[15], total [1] cells in coverage
ues1-1  | [2026-10-06 12:39:08.666] [999700000000001|rrc] [warning] Acceptable cell selection failed in [1] cells. [1] no SI, [0] reserved, [0] barred, ftai [0]
ues1-1  | [2026-10-06 12:39:08.666] [999700000000001|rrc] [error] Cell selection failure, no suitable or acceptable cell found
ues1-1  | [2026-10-06 12:39:10.724] [999700000000002|nas] [error] PLMN selection failure, no cells in coverage
ues1-1  | [2026-10-06 12:39:10.868] [999700000000001|nas] [error] PLMN selection failure, no cells in coverage
ues1-1  | [2026-10-06 12:39:12.926] [999700000000002|nas] [error] PLMN selection failure, no cells in coverage
ues1-1  | [2026-10-06 12:39:13.070] [999700000000001|nas] [error] PLMN selection failure, no cells in coverage
ues1-1  | [2026-10-06 12:39:14.027] [999700000000002|nas] [info] UE switches to state [MM-REGISTERED/NO-CELL-AVAILABLE]
ues1-1  | [2026-10-06 12:39:14.171] [999700000000001|nas] [info] UE switches to state [MM-REGISTERED/NO-CELL-AVAILABLE]
ues1-1  | [2026-10-06 12:39:18.667] [999700000000001|nas] [info] Selected plmn[999/70]
ues1-1  | [2026-10-06 12:39:18.667] [999700000000002|nas] [info] Selected plmn[999/70]
ues1-1  | [2026-10-06 12:39:18.667] [999700000000001|rrc] [info] Selected cell plmn[999/70] tac[1] category[SUITABLE]
ues1-1  | [2026-10-06 12:39:18.667] [999700000000002|rrc] [info] Selected cell plmn[999/70] tac[1] category[SUITABLE]
ues1-1  | [2026-10-06 12:39:18.667] [999700000000001|nas] [info] UE switches to state [MM-REGISTERED/PS]
ues1-1  | [2026-10-06 12:39:18.667] [999700000000001|nas] [info] UE switches to state [MM-REGISTERED/NORMAL-SERVICE]
ues1-1  | [2026-10-06 12:39:18.667] [999700000000002|nas] [info] UE switches to state [MM-REGISTERED/PS]
ues1-1  | [2026-10-06 12:39:18.667] [999700000000002|nas] [info] UE switches to state [MM-REGISTERED/NORMAL-SERVICE]
ues1-1  | [2026-10-06 12:40:15.434] [999700000000003|rrc] [debug] Signal lost for cell[12], total [0] cells in coverage
ues1-1  | [2026-10-06 12:40:15.434] [999700000000001|rrc] [debug] Signal lost for cell[15], total [0] cells in coverage
ues1-1  | [2026-10-06 12:40:15.434] [999700000000003|nas] [info] UE switches to state [MM-REGISTERED/PS]
ues1-1  | [2026-10-06 12:40:15.434] [999700000000003|nas] [info] UE switches to state [MM-REGISTERED/PLMN-SEARCH]
ues1-1  | [2026-10-06 12:40:15.434] [999700000000003|rrc] [warning] Suitable cell selection failed, no cell is in coverage
ues1-1  | [2026-10-06 12:40:15.434] [999700000000003|rrc] [warning] Acceptable cell selection failed, no cell is in coverage
ues1-1  | [2026-10-06 12:40:15.434] [999700000000003|rrc] [error] Cell selection failure, no suitable or acceptable cell found
ues1-1  | [2026-10-06 12:40:15.434] [999700000000001|nas] [info] UE switches to state [MM-REGISTERED/PS]
ues1-1  | [2026-10-06 12:40:15.434] [999700000000001|nas] [info] UE switches to state [MM-REGISTERED/PLMN-SEARCH]
ues1-1  | [2026-10-06 12:40:15.434] [999700000000001|nas] [error] PLMN selection failure, no cells in coverage
ues1-1  | [2026-10-06 12:40:15.435] [999700000000003|nas] [error] PLMN selection failure, no cells in coverage
ues1-1  | [2026-10-06 12:40:15.435] [999700000000001|rrc] [debug] New signal detected for cell[16], total [1] cells in coverage
ues1-1  | [2026-10-06 12:40:15.435] [999700000000001|rrc] [warning] Acceptable cell selection failed in [1] cells. [1] no SI, [0] reserved, [0] barred, ftai [0]
ues1-1  | [2026-10-06 12:40:15.435] [999700000000001|rrc] [error] Cell selection failure, no suitable or acceptable cell found
ues1-1  | [2026-10-06 12:40:15.435] [999700000000003|rrc] [debug] New signal detected for cell[13], total [1] cells in coverage
ues1-1  | [2026-10-06 12:40:15.435] [999700000000002|rrc] [debug] Signal lost for cell[14], total [0] cells in coverage
ues1-1  | [2026-10-06 12:40:15.435] [999700000000002|nas] [info] UE switches to state [MM-REGISTERED/PS]
ues1-1  | [2026-10-06 12:40:15.435] [999700000000002|nas] [info] UE switches to state [MM-REGISTERED/PLMN-SEARCH]
ues1-1  | [2026-10-06 12:40:15.435] [999700000000002|nas] [error] PLMN selection failure, no cells in coverage
ues1-1  | [2026-10-06 12:40:15.436] [999700000000002|rrc] [debug] New signal detected for cell[15], total [1] cells in coverage
ues1-1  | [2026-10-06 12:40:15.436] [999700000000002|rrc] [warning] Acceptable cell selection failed in [1] cells. [1] no SI, [0] reserved, [0] barred, ftai [0]
ues1-1  | [2026-10-06 12:40:15.436] [999700000000002|rrc] [error] Cell selection failure, no suitable or acceptable cell found
ues1-1  | [2026-10-06 12:40:17.523] [999700000000003|nas] [error] PLMN selection failure, no cells in coverage
ues1-1  | [2026-10-06 12:40:17.525] [999700000000002|nas] [error] PLMN selection failure, no cells in coverage
ues1-1  | [2026-10-06 12:40:17.637] [999700000000001|nas] [error] PLMN selection failure, no cells in coverage
ues1-1  | [2026-10-06 12:40:18.673] [999700000000002|nas] [info] Selected plmn[999/70]
ues1-1  | [2026-10-06 12:40:18.673] [999700000000001|nas] [info] Selected plmn[999/70]
ues1-1  | [2026-10-06 12:40:18.673] [999700000000002|rrc] [info] Selected cell plmn[999/70] tac[1] category[SUITABLE]
ues1-1  | [2026-10-06 12:40:18.673] [999700000000003|nas] [info] Selected plmn[999/70]
ues1-1  | [2026-10-06 12:40:18.673] [999700000000001|rrc] [info] Selected cell plmn[999/70] tac[1] category[SUITABLE]
ues1-1  | [2026-10-06 12:40:18.673] [999700000000002|nas] [info] UE switches to state [MM-REGISTERED/PS]
ues1-1  | [2026-10-06 12:40:18.673] [999700000000002|nas] [info] UE switches to state [MM-REGISTERED/NORMAL-SERVICE]
ues1-1  | [2026-10-06 12:40:18.673] [999700000000001|nas] [info] UE switches to state [MM-REGISTERED/PS]
ues1-1  | [2026-10-06 12:40:18.673] [999700000000003|rrc] [info] Selected cell plmn[999/70] tac[1] category[SUITABLE]
ues1-1  | [2026-10-06 12:40:18.673] [999700000000001|nas] [info] UE switches to state [MM-REGISTERED/NORMAL-SERVICE]
ues1-1  | [2026-10-06 12:40:18.673] [999700000000003|nas] [info] UE switches to state [MM-REGISTERED/PS]
ues1-1  | [2026-10-06 12:40:18.673] [999700000000003|nas] [info] UE switches to state [MM-REGISTERED/NORMAL-SERVICE]
